Note: Starting dynamic gmin stepping
Note: Dynamic gmin stepping completed

Note: No compatibility mode selected!


Circuit: * ============================================================

Doing analysis at TEMP = -40.000000 and TNOM = 27.000000

Using SPARSE 1.3 as Direct Linear Solver

Initial Transient Solution
--------------------------

Node                                   Voltage
----                                   -------
vdd                                       1.98
vss                                          0
select                                       0
i0                                           0
i1                                           0
out                                6.79339e-09
vi1#branch                         7.56478e-12
vi0#branch                         1.15248e-11
vsel#branch                                  0
vss#branch                         2.00002e-12
vdd#branch                        -2.10896e-11

 Reference value :  0.00000e+00 Reference value :  9.04280e-10 Reference value :  2.76050e-09 Reference value :  4.66150e-09 Reference value :  6.65050e-09 Reference value :  8.57050e-09 Reference value :  1.03795e-08 Reference value :  1.20655e-08 Reference value :  1.39555e-08 Reference value :  1.58555e-08 Reference value :  1.76445e-08 Reference value :  1.94405e-08
No. of Data Rows : 20032
voh                 =  1.980327e+00 at=  6.020700e-09
vol                 =  6.793390e-09 at=  1.000000e-09
tpd_rise            =  4.646949e-11 targ=  1.056469e-09 trig=  1.010000e-09
tpd_fall            =  4.651567e-11 targ=  6.076516e-09 trig=  6.030000e-09
rise_time           =  1.562268e-10 targ=  1.171452e-09 trig=  1.015225e-09
"/home/anusri/AI_Assisted_MixedSignalPhysicalDesign_Internship_GITHUB/task5/reproducibility/results/ff_vdd1.98_temp-40_sel0.raw": No such file or directory
fall_time           =  9.467512e-11 targ=  6.133017e-09 trig=  6.038342e-09
ngspice-45.2 done
