
Note: No compatibility mode selected!


Circuit: * ============================================================

Doing analysis at TEMP = 27.000000 and TNOM = 27.000000

Using SPARSE 1.3 as Direct Linear Solver

Initial Transient Solution
--------------------------

Node                                   Voltage
----                                   -------
vdd                                        1.8
vss                                          0
select                                       0
i0                                           0
i1                                           0
out                                5.52166e-09
vi1#branch                         3.71882e-12
vi0#branch                           7.321e-12
vsel#branch                                  0
vss#branch                         5.11194e-12
vdd#branch                        -1.61518e-11

 Reference value :  0.00000e+00 Reference value :  1.63950e-09 Reference value :  3.49850e-09 Reference value :  5.44850e-09 Reference value :  7.40250e-09 Reference value :  9.15350e-09 Reference value :  1.09445e-08 Reference value :  1.27385e-08 Reference value :  1.45435e-08 Reference value :  1.64955e-08 Reference value :  1.84835e-08
No. of Data Rows : 20032
voh                 =  1.800286e+00 at=  6.020700e-09
vol                 =  5.521670e-09 at=  1.000000e-09
tpd_rise            =  5.326555e-11 targ=  1.063266e-09 trig=  1.010000e-09
tpd_fall            =  5.372735e-11 targ=  6.083727e-09 trig=  6.030000e-09
rise_time           =  1.673344e-10 targ=  1.184446e-09 trig=  1.017112e-09
"/home/anusri/AI_Assisted_MixedSignalPhysicalDesign_Internship_GITHUB/task5/reproducibility/results/ff_vdd1.80_temp+27_sel0.raw": No such file or directory
fall_time           =  1.135725e-10 targ=  6.152901e-09 trig=  6.039328e-09
ngspice-45.2 done
