
Note: No compatibility mode selected!


Circuit: * ============================================================

Doing analysis at TEMP = 27.000000 and TNOM = 27.000000

Using SPARSE 1.3 as Direct Linear Solver

Initial Transient Solution
--------------------------

Node                                   Voltage
----                                   -------
vdd                                       1.62
vss                                          0
select                                    1.62
i0                                           0
i1                                           0
out                                4.20889e-09
vi1#branch                         5.39939e-12
vi0#branch                         2.15721e-12
vsel#branch                                  0
vss#branch                         4.61141e-09
vdd#branch                        -4.61897e-09

 Reference value :  0.00000e+00 Reference value :  6.51280e-10 Reference value :  2.70950e-09 Reference value :  4.60650e-09 Reference value :  6.64650e-09 Reference value :  8.57250e-09 Reference value :  1.07085e-08 Reference value :  1.24095e-08 Reference value :  1.44745e-08 Reference value :  1.65975e-08 Reference value :  1.86755e-08
No. of Data Rows : 20032
voh                 =  1.620037e+00 at=  6.020300e-09
vol                 =  -1.194863e-05 at=  1.000100e-09
tpd_rise            =  6.454461e-11 targ=  1.074545e-09 trig=  1.010000e-09
tpd_fall            =  5.950236e-11 targ=  6.089502e-09 trig=  6.030000e-09
rise_time           =  1.918381e-10 targ=  1.210894e-09 trig=  1.019056e-09
"/home/anusri/AI_Assisted_MixedSignalPhysicalDesign_Internship_GITHUB/task5/reproducibility/results/ff_vdd1.62_temp+27_sel1.raw": No such file or directory
fall_time           =  1.256403e-10 targ=  6.165830e-09 trig=  6.040190e-09
ngspice-45.2 done
