
Note: No compatibility mode selected!


Circuit: * ============================================================

Doing analysis at TEMP = 27.000000 and TNOM = 27.000000

Using SPARSE 1.3 as Direct Linear Solver

Initial Transient Solution
--------------------------

Node                                   Voltage
----                                   -------
vdd                                        1.8
vss                                          0
select                                     1.8
i0                                           0
i1                                           0
out                                5.52167e-09
vi1#branch                           7.321e-12
vi0#branch                         3.71882e-12
vsel#branch                                  0
vss#branch                         6.49654e-09
vdd#branch                        -6.50758e-09

 Reference value :  0.00000e+00 Reference value :  1.45150e-09 Reference value :  3.43450e-09 Reference value :  5.28250e-09 Reference value :  7.28350e-09 Reference value :  9.31150e-09 Reference value :  1.11875e-08 Reference value :  1.29915e-08 Reference value :  1.50985e-08 Reference value :  1.72335e-08 Reference value :  1.90775e-08
No. of Data Rows : 20032
voh                 =  1.800034e+00 at=  6.020300e-09
vol                 =  -1.010964e-05 at=  1.000100e-09
tpd_rise            =  5.489011e-11 targ=  1.064890e-09 trig=  1.010000e-09
tpd_fall            =  5.223806e-11 targ=  6.082238e-09 trig=  6.030000e-09
rise_time           =  1.686489e-10 targ=  1.186325e-09 trig=  1.017676e-09
"/home/anusri/AI_Assisted_MixedSignalPhysicalDesign_Internship_GITHUB/task5/reproducibility/results/ff_vdd1.80_temp+27_sel1.raw": No such file or directory
fall_time           =  1.120343e-10 targ=  6.150970e-09 trig=  6.038936e-09
ngspice-45.2 done
