Note: Starting dynamic gmin stepping
Note: Dynamic gmin stepping completed

Note: No compatibility mode selected!


Circuit: * ============================================================

Doing analysis at TEMP = -40.000000 and TNOM = 27.000000

Using SPARSE 1.3 as Direct Linear Solver

Initial Transient Solution
--------------------------

Node                                   Voltage
----                                   -------
vdd                                       1.62
vss                                          0
select                                    1.62
i0                                           0
i1                                           0
out                                3.28711e-09
vi1#branch                         5.39613e-12
vi0#branch                         2.15613e-12
vsel#branch                                  0
vss#branch                         9.71793e-11
vdd#branch                        -1.04732e-10

 Reference value :  0.00000e+00 Reference value :  1.67850e-09 Reference value :  3.57550e-09 Reference value :  5.53550e-09 Reference value :  7.18550e-09 Reference value :  8.85350e-09 Reference value :  1.07335e-08 Reference value :  1.26075e-08 Reference value :  1.44705e-08 Reference value :  1.63825e-08 Reference value :  1.85145e-08
No. of Data Rows : 20032
voh                 =  1.620053e+00 at=  6.020300e-09
vol                 =  -4.836084e-06 at=  1.000100e-09
tpd_rise            =  6.598174e-11 targ=  1.075982e-09 trig=  1.010000e-09
tpd_fall            =  5.791241e-11 targ=  6.087912e-09 trig=  6.030000e-09
rise_time           =  1.989973e-10 targ=  1.217241e-09 trig=  1.018243e-09
"/home/anusri/AI_Assisted_MixedSignalPhysicalDesign_Internship_GITHUB/task5/reproducibility/results/ff_vdd1.62_temp-40_sel1.raw": No such file or directory
fall_time           =  1.154010e-10 targ=  6.155708e-09 trig=  6.040307e-09
ngspice-45.2 done
