
Note: No compatibility mode selected!


Circuit: * ============================================================

Doing analysis at TEMP = 125.000000 and TNOM = 27.000000

Using SPARSE 1.3 as Direct Linear Solver

Initial Transient Solution
--------------------------

Node                                   Voltage
----                                   -------
vdd                                        1.8
vss                                          0
select                                     1.8
i0                                           0
i1                                           0
out                                4.56044e-08
vi1#branch                         5.01861e-11
vi0#branch                         1.80072e-11
vsel#branch                                  0
vss#branch                         2.01614e-07
vdd#branch                        -2.01682e-07

 Reference value :  0.00000e+00 Reference value :  1.52050e-09 Reference value :  3.35150e-09 Reference value :  5.43750e-09 Reference value :  7.61150e-09 Reference value :  9.90150e-09 Reference value :  1.21375e-08 Reference value :  1.40565e-08 Reference value :  1.61925e-08 Reference value :  1.84165e-08
No. of Data Rows : 20032
voh                 =  1.799529e+00 at=  6.020300e-09
vol                 =  -2.988268e-06 at=  1.000100e-09
tpd_rise            =  5.590053e-11 targ=  1.065901e-09 trig=  1.010000e-09
tpd_fall            =  5.496794e-11 targ=  6.084968e-09 trig=  6.030000e-09
rise_time           =  1.674326e-10 targ=  1.186227e-09 trig=  1.018794e-09
"/home/anusri/AI_Assisted_MixedSignalPhysicalDesign_Internship_GITHUB/task5/reproducibility/results/ff_vdd1.80_temp+125_sel1.raw": No such file or directory
fall_time           =  1.267542e-10 targ=  6.165794e-09 trig=  6.039040e-09
ngspice-45.2 done
