
Note: No compatibility mode selected!


Circuit: * ============================================================

Doing analysis at TEMP = 27.000000 and TNOM = 27.000000

Using SPARSE 1.3 as Direct Linear Solver

Initial Transient Solution
--------------------------

Node                                   Voltage
----                                   -------
vdd                                       1.98
vss                                          0
select                                       0
i0                                           0
i1                                           0
out                                8.81716e-09
vi1#branch                         7.56587e-12
vi0#branch                          1.1528e-11
vsel#branch                                  0
vss#branch                         5.94888e-12
vdd#branch                        -2.50428e-11

 Reference value :  0.00000e+00 Reference value :  1.35650e-09 Reference value :  3.09250e-09 Reference value :  4.73750e-09 Reference value :  6.41650e-09 Reference value :  8.32950e-09 Reference value :  1.01195e-08 Reference value :  1.20935e-08 Reference value :  1.39485e-08 Reference value :  1.59615e-08 Reference value :  1.80145e-08
No. of Data Rows : 20032
voh                 =  1.980299e+00 at=  6.020700e-09
vol                 =  8.817159e-09 at=  1.000000e-09
tpd_rise            =  4.749488e-11 targ=  1.057495e-09 trig=  1.010000e-09
tpd_fall            =  4.853395e-11 targ=  6.078534e-09 trig=  6.030000e-09
rise_time           =  1.546685e-10 targ=  1.170806e-09 trig=  1.016137e-09
"/home/anusri/AI_Assisted_MixedSignalPhysicalDesign_Internship_GITHUB/task5/reproducibility/results/ff_vdd1.98_temp+27_sel0.raw": No such file or directory
fall_time           =  1.039302e-10 targ=  6.142351e-09 trig=  6.038421e-09
ngspice-45.2 done
