Note: Starting dynamic gmin stepping
Note: Dynamic gmin stepping completed

Note: No compatibility mode selected!


Circuit: * ============================================================

Doing analysis at TEMP = -40.000000 and TNOM = 27.000000

Using SPARSE 1.3 as Direct Linear Solver

Initial Transient Solution
--------------------------

Node                                   Voltage
----                                   -------
vdd                                       1.98
vss                                          0
select                                    1.98
i0                                           0
i1                                           0
out                                6.79339e-09
vi1#branch                         1.15248e-11
vi0#branch                         7.56478e-12
vsel#branch                                  0
vss#branch                          2.3997e-10
vdd#branch                         -2.5906e-10

 Reference value :  0.00000e+00 Reference value :  1.55750e-09 Reference value :  3.51250e-09 Reference value :  5.03250e-09 Reference value :  6.82950e-09 Reference value :  8.65550e-09 Reference value :  1.05225e-08 Reference value :  1.23685e-08 Reference value :  1.43775e-08 Reference value :  1.63905e-08 Reference value :  1.83795e-08
No. of Data Rows : 20032
voh                 =  1.980060e+00 at=  6.020300e-09
vol                 =  6.793390e-09 at=  1.000000e-09
tpd_rise            =  4.791431e-11 targ=  1.057914e-09 trig=  1.010000e-09
tpd_fall            =  4.524332e-11 targ=  6.075243e-09 trig=  6.030000e-09
rise_time           =  1.574446e-10 targ=  1.173151e-09 trig=  1.015706e-09
"/home/anusri/AI_Assisted_MixedSignalPhysicalDesign_Internship_GITHUB/task5/reproducibility/results/ff_vdd1.98_temp-40_sel1.raw": No such file or directory
fall_time           =  9.333865e-11 targ=  6.131336e-09 trig=  6.037997e-09
ngspice-45.2 done
