
Note: No compatibility mode selected!


Circuit: * ============================================================

Doing analysis at TEMP = 125.000000 and TNOM = 27.000000

Using SPARSE 1.3 as Direct Linear Solver

Initial Transient Solution
--------------------------

Node                                   Voltage
----                                   -------
vdd                                       1.62
vss                                          0
select                                       0
i0                                           0
i1                                           0
out                                4.75871e-08
vi1#branch                         1.64456e-11
vi0#branch                         4.82645e-11
vsel#branch                                  0
vss#branch                         2.81085e-10
vdd#branch                        -3.45795e-10

 Reference value :  0.00000e+00 Reference value :  1.34950e-09 Reference value :  3.02150e-09 Reference value :  4.58450e-09 Reference value :  6.12950e-09 Reference value :  7.85050e-09 Reference value :  9.54350e-09 Reference value :  1.15185e-08 Reference value :  1.32935e-08 Reference value :  1.51025e-08 Reference value :  1.67895e-08 Reference value :  1.85095e-08
No. of Data Rows : 20032
voh                 =  1.619868e+00 at=  6.020700e-09
vol                 =  4.758713e-08 at=  1.000000e-09
tpd_rise            =  6.214618e-11 targ=  1.072146e-09 trig=  1.010000e-09
tpd_fall            =  6.361350e-11 targ=  6.093614e-09 trig=  6.030000e-09
rise_time           =  1.868703e-10 targ=  1.206194e-09 trig=  1.019324e-09
"/home/anusri/AI_Assisted_MixedSignalPhysicalDesign_Internship_GITHUB/task5/reproducibility/results/ff_vdd1.62_temp+125_sel0.raw": No such file or directory
fall_time           =  1.425473e-10 targ=  6.183227e-09 trig=  6.040680e-09
ngspice-45.2 done
