
Note: No compatibility mode selected!


Circuit: * ============================================================

Doing analysis at TEMP = 125.000000 and TNOM = 27.000000

Using SPARSE 1.3 as Direct Linear Solver

Initial Transient Solution
--------------------------

Node                                   Voltage
----                                   -------
vdd                                       1.98
vss                                          0
select                                       0
i0                                           0
i1                                           0
out                                1.06546e-07
vi1#branch                         1.98217e-11
vi0#branch                         5.36685e-11
vsel#branch                                  0
vss#branch                         1.51601e-11
vdd#branch                        -8.86503e-11

 Reference value :  0.00000e+00 Reference value :  1.53150e-09 Reference value :  3.45250e-09 Reference value :  5.21050e-09 Reference value :  6.95350e-09 Reference value :  8.76150e-09 Reference value :  1.07605e-08 Reference value :  1.23575e-08 Reference value :  1.41095e-08 Reference value :  1.61015e-08 Reference value :  1.80255e-08 Reference value :  1.99605e-08
No. of Data Rows : 20032
voh                 =  1.980755e+00 at=  6.021500e-09
vol                 =  -4.643741e-05 at=  1.000300e-09
tpd_rise            =  9.104150e-11 targ=  1.101041e-09 trig=  1.010000e-09
tpd_fall            =  9.193662e-11 targ=  6.121937e-09 trig=  6.030000e-09
rise_time           =  2.552691e-10 targ=  1.279201e-09 trig=  1.023932e-09
"/home/anusri/AI_Assisted_MixedSignalPhysicalDesign_Internship_GITHUB/task5/reproducibility/results/ss_vdd1.98_temp+125_sel0.raw": No such file or directory
fall_time           =  2.233381e-10 targ=  6.268397e-09 trig=  6.045059e-09
ngspice-45.2 done
