
Note: No compatibility mode selected!


Circuit: * ============================================================

Doing analysis at TEMP = 27.000000 and TNOM = 27.000000

Using SPARSE 1.3 as Direct Linear Solver

Initial Transient Solution
--------------------------

Node                                   Voltage
----                                   -------
vdd                                       1.62
vss                                          0
select                                       0
i0                                           0
i1                                           0
out                                9.56546e-09
vi1#branch                         1.86872e-12
vi0#branch                           5.111e-12
vsel#branch                                  0
vss#branch                         1.62239e-12
vdd#branch                        -8.60201e-12

 Reference value :  0.00000e+00 Reference value :  1.29750e-09 Reference value :  3.09350e-09 Reference value :  4.93750e-09 Reference value :  6.88350e-09 Reference value :  8.88950e-09 Reference value :  1.08735e-08 Reference value :  1.26295e-08 Reference value :  1.43615e-08 Reference value :  1.63625e-08 Reference value :  1.83585e-08 Reference value :  1.99385e-08
No. of Data Rows : 20032
voh                 =  1.620811e+00 at=  6.021500e-09
vol                 =  -3.471149e-05 at=  1.000300e-09
tpd_rise            =  1.479351e-10 targ=  1.157935e-09 trig=  1.010000e-09
tpd_fall            =  1.250194e-10 targ=  6.155019e-09 trig=  6.030000e-09
rise_time           =  3.870581e-10 targ=  1.414905e-09 trig=  1.027847e-09
"/home/anusri/AI_Assisted_MixedSignalPhysicalDesign_Internship_GITHUB/task5/reproducibility/results/ss_vdd1.62_temp+27_sel0.raw": No such file or directory
fall_time           =  2.584714e-10 targ=  6.309829e-09 trig=  6.051357e-09
ngspice-45.2 done
