
Note: No compatibility mode selected!


Circuit: * ============================================================

Doing analysis at TEMP = -40.000000 and TNOM = 27.000000

Using SPARSE 1.3 as Direct Linear Solver

Initial Transient Solution
--------------------------

Node                                   Voltage
----                                   -------
vdd                                        1.8
vss                                          0
select                                     1.8
i0                                           0
i1                                           0
out                                 8.3033e-09
vi1#branch                         6.34464e-12
vi0#branch                         2.74464e-12
vsel#branch                                  0
vss#branch                         2.74469e-12
vdd#branch                         -1.1834e-11

 Reference value :  0.00000e+00 Reference value :  1.34150e-09 Reference value :  3.11650e-09 Reference value :  4.86350e-09 Reference value :  6.65350e-09 Reference value :  8.57450e-09 Reference value :  1.02745e-08 Reference value :  1.20445e-08 Reference value :  1.39725e-08 Reference value :  1.59775e-08 Reference value :  1.77945e-08 Reference value :  1.95155e-08
No. of Data Rows : 20032
voh                 =  1.800225e+00 at=  6.020700e-09
vol                 =  -5.954031e-05 at=  1.000300e-09
tpd_rise            =  1.246033e-10 targ=  1.134603e-09 trig=  1.010000e-09
tpd_fall            =  8.957121e-11 targ=  6.119571e-09 trig=  6.030000e-09
rise_time           =  3.348725e-10 targ=  1.359263e-09 trig=  1.024390e-09
"/home/anusri/AI_Assisted_MixedSignalPhysicalDesign_Internship_GITHUB/task5/reproducibility/results/ss_vdd1.80_temp-40_sel1.raw": No such file or directory
fall_time           =  1.787746e-10 targ=  6.224848e-09 trig=  6.046073e-09
ngspice-45.2 done
