
Note: No compatibility mode selected!


Circuit: * ============================================================

Doing analysis at TEMP = 125.000000 and TNOM = 27.000000

Using SPARSE 1.3 as Direct Linear Solver

Initial Transient Solution
--------------------------

Node                                   Voltage
----                                   -------
vdd                                       1.62
vss                                          0
select                                       0
i0                                           0
i1                                           0
out                                1.19998e-07
vi1#branch                          1.6811e-11
vi0#branch                         4.99378e-11
vsel#branch                                  0
vss#branch                         1.45879e-11
vdd#branch                        -8.13367e-11

 Reference value :  0.00000e+00 Reference value :  1.27350e-09 Reference value :  3.06050e-09 Reference value :  4.76450e-09 Reference value :  6.64750e-09 Reference value :  8.35850e-09 Reference value :  1.02455e-08 Reference value :  1.18975e-08 Reference value :  1.37285e-08 Reference value :  1.54925e-08 Reference value :  1.73735e-08 Reference value :  1.92005e-08
No. of Data Rows : 20032
voh                 =  1.620807e+00 at=  6.021500e-09
vol                 =  -4.521938e-05 at=  1.000300e-09
tpd_rise            =  1.298430e-10 targ=  1.139843e-09 trig=  1.010000e-09
tpd_fall            =  1.289752e-10 targ=  6.158975e-09 trig=  6.030000e-09
rise_time           =  3.430449e-10 targ=  1.371767e-09 trig=  1.028722e-09
"/home/anusri/AI_Assisted_MixedSignalPhysicalDesign_Internship_GITHUB/task5/reproducibility/results/ss_vdd1.62_temp+125_sel0.raw": No such file or directory
fall_time           =  2.989295e-10 targ=  6.349346e-09 trig=  6.050417e-09
ngspice-45.2 done
