
Note: No compatibility mode selected!


Circuit: * ============================================================

Doing analysis at TEMP = 27.000000 and TNOM = 27.000000

Using SPARSE 1.3 as Direct Linear Solver

Initial Transient Solution
--------------------------

Node                                   Voltage
----                                   -------
vdd                                       1.98
vss                                          0
select                                    1.98
i0                                           0
i1                                           0
out                                1.46876e-08
vi1#branch                         8.84171e-12
vi0#branch                         4.87943e-12
vsel#branch                                  0
vss#branch                         5.60978e-12
vdd#branch                        -1.93309e-11

 Reference value :  0.00000e+00 Reference value :  1.36550e-09 Reference value :  3.08950e-09 Reference value :  4.86050e-09 Reference value :  6.59850e-09 Reference value :  8.60850e-09 Reference value :  1.02845e-08 Reference value :  1.21545e-08 Reference value :  1.39465e-08 Reference value :  1.58435e-08 Reference value :  1.77465e-08 Reference value :  1.98345e-08
No. of Data Rows : 20032
voh                 =  1.980223e+00 at=  6.020700e-09
vol                 =  -8.327126e-05 at=  1.000300e-09
tpd_rise            =  9.730258e-11 targ=  1.107303e-09 trig=  1.010000e-09
tpd_fall            =  8.215624e-11 targ=  6.112156e-09 trig=  6.030000e-09
rise_time           =  2.689212e-10 targ=  1.292488e-09 trig=  1.023567e-09
"/home/anusri/AI_Assisted_MixedSignalPhysicalDesign_Internship_GITHUB/task5/reproducibility/results/ss_vdd1.98_temp+27_sel1.raw": No such file or directory
fall_time           =  1.817963e-10 targ=  6.225759e-09 trig=  6.043963e-09
ngspice-45.2 done
