
Note: No compatibility mode selected!


Circuit: * ============================================================

Doing analysis at TEMP = 125.000000 and TNOM = 27.000000

Using SPARSE 1.3 as Direct Linear Solver

Initial Transient Solution
--------------------------

Node                                   Voltage
----                                   -------
vdd                                        1.8
vss                                          0
select                                     1.8
i0                                           0
i1                                           0
out                                1.09359e-07
vi1#branch                         5.11748e-11
vi0#branch                         1.76881e-11
vsel#branch                                  0
vss#branch                         1.00278e-09
vdd#branch                        -1.07164e-09

 Reference value :  0.00000e+00 Reference value :  1.07250e-09 Reference value :  2.88050e-09 Reference value :  4.83050e-09 Reference value :  6.81550e-09 Reference value :  8.70550e-09 Reference value :  1.05695e-08 Reference value :  1.23645e-08 Reference value :  1.42185e-08 Reference value :  1.62335e-08 Reference value :  1.83735e-08
No. of Data Rows : 20032
voh                 =  1.800216e+00 at=  6.020700e-09
vol                 =  -1.181122e-04 at=  1.000700e-09
tpd_rise            =  1.105919e-10 targ=  1.120592e-09 trig=  1.010000e-09
tpd_fall            =  1.024546e-10 targ=  6.132455e-09 trig=  6.030000e-09
rise_time           =  2.929583e-10 targ=  1.320517e-09 trig=  1.027559e-09
"/home/anusri/AI_Assisted_MixedSignalPhysicalDesign_Internship_GITHUB/task5/reproducibility/results/ss_vdd1.80_temp+125_sel1.raw": No such file or directory
fall_time           =  2.496049e-10 targ=  6.295476e-09 trig=  6.045871e-09
ngspice-45.2 done
