
Note: No compatibility mode selected!


Circuit: * ============================================================

Doing analysis at TEMP = -40.000000 and TNOM = 27.000000

Using SPARSE 1.3 as Direct Linear Solver

Initial Transient Solution
--------------------------

Node                                   Voltage
----                                   -------
vdd                                       1.62
vss                                          0
select                                    1.62
i0                                           0
i1                                           0
out                                7.44645e-09
vi1#branch                         5.10758e-12
vi0#branch                         1.86758e-12
vsel#branch                                  0
vss#branch                         1.86761e-12
vdd#branch                        -8.84284e-12

 Reference value :  0.00000e+00 Reference value :  1.33850e-09 Reference value :  3.21150e-09 Reference value :  4.79550e-09 Reference value :  6.70850e-09 Reference value :  8.82950e-09 Reference value :  1.08875e-08 Reference value :  1.28905e-08 Reference value :  1.50165e-08 Reference value :  1.70275e-08 Reference value :  1.90945e-08
No. of Data Rows : 20032
voh                 =  1.620229e+00 at=  6.020700e-09
vol                 =  -6.538134e-05 at=  1.000300e-09
tpd_rise            =  1.706999e-10 targ=  1.180700e-09 trig=  1.010000e-09
tpd_fall            =  1.124757e-10 targ=  6.142476e-09 trig=  6.030000e-09
rise_time           =  4.395380e-10 targ=  1.468056e-09 trig=  1.028519e-09
"/home/anusri/AI_Assisted_MixedSignalPhysicalDesign_Internship_GITHUB/task5/reproducibility/results/ss_vdd1.62_temp-40_sel1.raw": No such file or directory
fall_time           =  2.202855e-10 targ=  6.270199e-09 trig=  6.049914e-09
ngspice-45.2 done
