
Note: No compatibility mode selected!


Circuit: * ============================================================

Doing analysis at TEMP = 27.000000 and TNOM = 27.000000

Using SPARSE 1.3 as Direct Linear Solver

Initial Transient Solution
--------------------------

Node                                   Voltage
----                                   -------
vdd                                       1.98
vss                                          0
select                                       0
i0                                           0
i1                                           0
out                                1.46876e-08
vi1#branch                         4.87943e-12
vi0#branch                         8.84171e-12
vsel#branch                                  0
vss#branch                         1.98282e-12
vdd#branch                        -1.57039e-11

 Reference value :  0.00000e+00 Reference value :  1.32650e-09 Reference value :  3.05350e-09 Reference value :  4.80550e-09 Reference value :  6.58450e-09 Reference value :  8.26650e-09 Reference value :  9.94950e-09 Reference value :  1.16765e-08 Reference value :  1.33835e-08 Reference value :  1.49725e-08 Reference value :  1.66225e-08 Reference value :  1.85285e-08
No. of Data Rows : 20032
voh                 =  1.980748e+00 at=  6.021500e-09
vol                 =  -2.376698e-05 at=  1.000300e-09
tpd_rise            =  9.394001e-11 targ=  1.103940e-09 trig=  1.010000e-09
tpd_fall            =  8.522304e-11 targ=  6.115223e-09 trig=  6.030000e-09
rise_time           =  2.662492e-10 targ=  1.288703e-09 trig=  1.022453e-09
"/home/anusri/AI_Assisted_MixedSignalPhysicalDesign_Internship_GITHUB/task5/reproducibility/results/ss_vdd1.98_temp+27_sel0.raw": No such file or directory
fall_time           =  1.844932e-10 targ=  6.229445e-09 trig=  6.044951e-09
ngspice-45.2 done
