
Note: No compatibility mode selected!


Circuit: * ============================================================

Doing analysis at TEMP = 125.000000 and TNOM = 27.000000

Using SPARSE 1.3 as Direct Linear Solver

Initial Transient Solution
--------------------------

Node                                   Voltage
----                                   -------
vdd                                       1.98
vss                                          0
select                                    1.98
i0                                           0
i1                                           0
out                                1.06546e-07
vi1#branch                         5.36685e-11
vi0#branch                         1.98217e-11
vsel#branch                                  0
vss#branch                         1.39155e-09
vdd#branch                        -1.46504e-09

 Reference value :  0.00000e+00 Reference value :  1.07750e-09 Reference value :  2.91650e-09 Reference value :  4.78550e-09 Reference value :  6.74950e-09 Reference value :  8.59250e-09 Reference value :  1.06015e-08 Reference value :  1.26905e-08 Reference value :  1.46435e-08 Reference value :  1.65955e-08 Reference value :  1.85975e-08
No. of Data Rows : 20032
voh                 =  1.980213e+00 at=  6.020700e-09
vol                 =  -1.044861e-04 at=  1.000300e-09
tpd_rise            =  9.467105e-11 targ=  1.104671e-09 trig=  1.010000e-09
tpd_fall            =  8.846750e-11 targ=  6.118467e-09 trig=  6.030000e-09
rise_time           =  2.581331e-10 targ=  1.283422e-09 trig=  1.025289e-09
"/home/anusri/AI_Assisted_MixedSignalPhysicalDesign_Internship_GITHUB/task5/reproducibility/results/ss_vdd1.98_temp+125_sel1.raw": No such file or directory
fall_time           =  2.203029e-10 targ=  6.264313e-09 trig=  6.044010e-09
ngspice-45.2 done
