
Note: No compatibility mode selected!


Circuit: * ============================================================

Doing analysis at TEMP = 27.000000 and TNOM = 27.000000

Using SPARSE 1.3 as Direct Linear Solver

Initial Transient Solution
--------------------------

Node                                   Voltage
----                                   -------
vdd                                       1.62
vss                                          0
select                                    1.62
i0                                           0
i1                                           0
out                                 9.5654e-09
vi1#branch                           5.111e-12
vi0#branch                         1.86872e-12
vsel#branch                                  0
vss#branch                         2.13507e-12
vdd#branch                        -9.11493e-12

 Reference value :  0.00000e+00 Reference value :  1.30950e-09 Reference value :  2.95650e-09 Reference value :  4.75750e-09 Reference value :  6.45750e-09 Reference value :  8.16650e-09 Reference value :  1.00535e-08 Reference value :  1.19755e-08 Reference value :  1.39515e-08 Reference value :  1.58885e-08 Reference value :  1.78705e-08 Reference value :  1.97115e-08
No. of Data Rows : 20032
voh                 =  1.620228e+00 at=  6.020700e-09
vol                 =  -8.248020e-05 at=  1.000300e-09
tpd_rise            =  1.529274e-10 targ=  1.162927e-09 trig=  1.010000e-09
tpd_fall            =  1.203016e-10 targ=  6.150302e-09 trig=  6.030000e-09
rise_time           =  3.906864e-10 targ=  1.420638e-09 trig=  1.029952e-09
"/home/anusri/AI_Assisted_MixedSignalPhysicalDesign_Internship_GITHUB/task5/reproducibility/results/ss_vdd1.62_temp+27_sel1.raw": No such file or directory
fall_time           =  2.544164e-10 targ=  6.303991e-09 trig=  6.049575e-09
ngspice-45.2 done
