
Note: No compatibility mode selected!


Circuit: * ============================================================

Doing analysis at TEMP = 27.000000 and TNOM = 27.000000

Using SPARSE 1.3 as Direct Linear Solver

Initial Transient Solution
--------------------------

Node                                   Voltage
----                                   -------
vdd                                       1.62
vss                                          0
select                                       0
i0                                           0
i1                                           0
out                                5.91466e-09
vi1#branch                         1.98557e-12
vi0#branch                          5.2278e-12
vsel#branch                                  0
vss#branch                         1.71209e-12
vdd#branch                         -8.9255e-12

 Reference value :  0.00000e+00 Reference value :  5.42800e-11 Reference value :  1.39650e-09 Reference value :  2.80850e-09 Reference value :  4.13550e-09 Reference value :  5.41350e-09 Reference value :  6.87950e-09 Reference value :  8.31950e-09 Reference value :  9.71650e-09 Reference value :  1.10755e-08 Reference value :  1.25035e-08 Reference value :  1.38915e-08 Reference value :  1.53775e-08 Reference value :  1.68875e-08 Reference value :  1.84255e-08
No. of Data Rows : 20032
voh                 =  1.620455e+00 at=  6.020700e-09
vol                 =  -2.454021e-06 at=  1.000100e-09
tpd_rise            =  9.265008e-11 targ=  1.102650e-09 trig=  1.010000e-09
tpd_fall            =  8.409498e-11 targ=  6.114095e-09 trig=  6.030000e-09
rise_time           =  2.618532e-10 targ=  1.283707e-09 trig=  1.021854e-09
"/home/anusri/AI_Assisted_MixedSignalPhysicalDesign_Internship_GITHUB/task5/reproducibility/results/tt_vdd1.62_temp+27_sel0.raw": No such file or directory
fall_time           =  1.714640e-10 targ=  6.216058e-09 trig=  6.044594e-09
ngspice-45.2 done
