
Note: No compatibility mode selected!


Circuit: * ============================================================

Doing analysis at TEMP = -40.000000 and TNOM = 27.000000

Using SPARSE 1.3 as Direct Linear Solver

Initial Transient Solution
--------------------------

Node                                   Voltage
----                                   -------
vdd                                        1.8
vss                                          0
select                                       0
i0                                           0
i1                                           0
out                                5.57615e-09
vi1#branch                         3.14641e-12
vi0#branch                         6.74641e-12
vsel#branch                                  0
vss#branch                         1.80021e-12
vdd#branch                         -1.1693e-11

 Reference value :  0.00000e+00 Reference value :  6.94280e-10 Reference value :  2.15250e-09 Reference value :  3.68150e-09 Reference value :  5.16250e-09 Reference value :  6.60150e-09 Reference value :  7.97450e-09 Reference value :  9.52850e-09 Reference value :  1.00835e-08 Reference value :  1.03675e-08 Reference value :  1.16385e-08 Reference value :  1.31175e-08 Reference value :  1.45415e-08 Reference value :  1.58705e-08 Reference value :  1.71995e-08 Reference value :  1.85565e-08 Reference value :  1.98845e-08
No. of Data Rows : 20032
voh                 =  1.800470e+00 at=  6.020700e-09
vol                 =  5.576146e-09 at=  1.000000e-09
tpd_rise            =  7.721043e-11 targ=  1.087210e-09 trig=  1.010000e-09
tpd_fall            =  6.876704e-11 targ=  6.098767e-09 trig=  6.030000e-09
rise_time           =  2.280389e-10 targ=  1.247271e-09 trig=  1.019232e-09
"/home/anusri/AI_Assisted_MixedSignalPhysicalDesign_Internship_GITHUB/task5/reproducibility/results/tt_vdd1.80_temp-40_sel0.raw": No such file or directory
fall_time           =  1.331712e-10 targ=  6.175690e-09 trig=  6.042519e-09
ngspice-45.2 done
