
Note: No compatibility mode selected!


Circuit: * ============================================================

Doing analysis at TEMP = 125.000000 and TNOM = 27.000000

Using SPARSE 1.3 as Direct Linear Solver

Initial Transient Solution
--------------------------

Node                                   Voltage
----                                   -------
vdd                                        1.8
vss                                          0
select                                     1.8
i0                                           0
i1                                           0
out                                6.62868e-08
vi1#branch                         5.05957e-11
vi0#branch                         1.77629e-11
vsel#branch                                  0
vss#branch                         2.87385e-08
vdd#branch                        -2.88069e-08

 Reference value :  0.00000e+00 Reference value :  3.09280e-10 Reference value :  1.06450e-09 Reference value :  2.16850e-09 Reference value :  3.23650e-09 Reference value :  4.46350e-09 Reference value :  5.53450e-09 Reference value :  6.80050e-09 Reference value :  7.99950e-09 Reference value :  9.27550e-09 Reference value :  1.05405e-08 Reference value :  1.17565e-08 Reference value :  1.30135e-08 Reference value :  1.42685e-08 Reference value :  1.51095e-08 Reference value :  1.62815e-08 Reference value :  1.74575e-08 Reference value :  1.85905e-08 Reference value :  1.98175e-08
No. of Data Rows : 20032
voh                 =  1.800029e+00 at=  6.020700e-09
vol                 =  -5.769945e-05 at=  1.000300e-09
tpd_rise            =  7.450196e-11 targ=  1.084502e-09 trig=  1.010000e-09
tpd_fall            =  7.121415e-11 targ=  6.101214e-09 trig=  6.030000e-09
rise_time           =  2.103244e-10 targ=  1.232232e-09 trig=  1.021907e-09
"/home/anusri/AI_Assisted_MixedSignalPhysicalDesign_Internship_GITHUB/task5/reproducibility/results/tt_vdd1.80_temp+125_sel1.raw": No such file or directory
fall_time           =  1.668879e-10 targ=  6.208398e-09 trig=  6.041510e-09
ngspice-45.2 done
