
Note: No compatibility mode selected!


Circuit: * ============================================================

Doing analysis at TEMP = -40.000000 and TNOM = 27.000000

Using SPARSE 1.3 as Direct Linear Solver

Initial Transient Solution
--------------------------

Node                                   Voltage
----                                   -------
vdd                                       1.62
vss                                          0
select                                       0
i0                                           0
i1                                           0
out                                4.62199e-09
vi1#branch                         1.98445e-12
vi0#branch                         5.22445e-12
vsel#branch                                  0
vss#branch                         1.62017e-12
vdd#branch                        -8.82914e-12

 Reference value :  0.00000e+00 Reference value :  5.86280e-10 Reference value :  1.85350e-09 Reference value :  3.25250e-09 Reference value :  4.67650e-09 Reference value :  6.06450e-09 Reference value :  7.42450e-09 Reference value :  8.78250e-09 Reference value :  1.02015e-08 Reference value :  1.17045e-08 Reference value :  1.31135e-08 Reference value :  1.45995e-08 Reference value :  1.61665e-08 Reference value :  1.77295e-08 Reference value :  1.92825e-08
No. of Data Rows : 20032
voh                 =  1.620454e+00 at=  6.020700e-09
vol                 =  4.621992e-09 at=  1.000000e-09
tpd_rise            =  9.974864e-11 targ=  1.109749e-09 trig=  1.010000e-09
tpd_fall            =  8.175895e-11 targ=  6.111759e-09 trig=  6.030000e-09
rise_time           =  2.840159e-10 targ=  1.305102e-09 trig=  1.021086e-09
"/home/anusri/AI_Assisted_MixedSignalPhysicalDesign_Internship_GITHUB/task5/reproducibility/results/tt_vdd1.62_temp-40_sel0.raw": No such file or directory
fall_time           =  1.553502e-10 targ=  6.200357e-09 trig=  6.045007e-09
ngspice-45.2 done
