
Note: No compatibility mode selected!


Circuit: * ============================================================

Doing analysis at TEMP = 125.000000 and TNOM = 27.000000

Using SPARSE 1.3 as Direct Linear Solver

Initial Transient Solution
--------------------------

Node                                   Voltage
----                                   -------
vdd                                       1.98
vss                                          0
select                                    1.98
i0                                           0
i1                                           0
out                                 6.6928e-08
vi1#branch                         5.38139e-11
vi0#branch                         2.06211e-11
vsel#branch                                  0
vss#branch                         3.67102e-08
vdd#branch                        -3.67846e-08

 Reference value :  0.00000e+00 Reference value :  1.37650e-09 Reference value :  3.04150e-09 Reference value :  4.96350e-09 Reference value :  7.00350e-09 Reference value :  8.78150e-09 Reference value :  1.06015e-08 Reference value :  1.24535e-08 Reference value :  1.43425e-08 Reference value :  1.63025e-08 Reference value :  1.84335e-08
No. of Data Rows : 20032
voh                 =  1.979998e+00 at=  6.020700e-09
vol                 =  -5.888725e-05 at=  1.000300e-09
tpd_rise            =  6.544011e-11 targ=  1.075440e-09 trig=  1.010000e-09
tpd_fall            =  6.363708e-11 targ=  6.093637e-09 trig=  6.030000e-09
rise_time           =  1.886967e-10 targ=  1.209357e-09 trig=  1.020661e-09
"/home/anusri/AI_Assisted_MixedSignalPhysicalDesign_Internship_GITHUB/task5/reproducibility/results/tt_vdd1.98_temp+125_sel1.raw": No such file or directory
fall_time           =  1.513476e-10 targ=  6.191711e-09 trig=  6.040364e-09
ngspice-45.2 done
