
Note: No compatibility mode selected!


Circuit: * ============================================================

Doing analysis at TEMP = 27.000000 and TNOM = 27.000000

Using SPARSE 1.3 as Direct Linear Solver

Initial Transient Solution
--------------------------

Node                                   Voltage
----                                   -------
vdd                                       1.62
vss                                          0
select                                    1.62
i0                                           0
i1                                           0
out                                5.91466e-09
vi1#branch                          5.2278e-12
vi0#branch                         1.98557e-12
vsel#branch                                  0
vss#branch                          2.1344e-10
vdd#branch                        -2.20654e-10

 Reference value :  0.00000e+00 Reference value :  4.07280e-10 Reference value :  1.58050e-09 Reference value :  2.97350e-09 Reference value :  4.06750e-09 Reference value :  5.32850e-09 Reference value :  6.51150e-09 Reference value :  7.49450e-09 Reference value :  8.92150e-09 Reference value :  1.03495e-08 Reference value :  1.18125e-08 Reference value :  1.32735e-08 Reference value :  1.47065e-08 Reference value :  1.61785e-08 Reference value :  1.76555e-08 Reference value :  1.91125e-08
No. of Data Rows : 20032
voh                 =  1.620144e+00 at=  6.020700e-09
vol                 =  -4.400311e-05 at=  1.000300e-09
tpd_rise            =  9.563894e-11 targ=  1.105639e-09 trig=  1.010000e-09
tpd_fall            =  8.139609e-11 targ=  6.111396e-09 trig=  6.030000e-09
rise_time           =  2.641835e-10 targ=  1.287074e-09 trig=  1.022890e-09
"/home/anusri/AI_Assisted_MixedSignalPhysicalDesign_Internship_GITHUB/task5/reproducibility/results/tt_vdd1.62_temp+27_sel1.raw": No such file or directory
fall_time           =  1.689512e-10 targ=  6.212663e-09 trig=  6.043712e-09
ngspice-45.2 done
