
Note: No compatibility mode selected!


Circuit: * ============================================================

Doing analysis at TEMP = 125.000000 and TNOM = 27.000000

Using SPARSE 1.3 as Direct Linear Solver

Initial Transient Solution
--------------------------

Node                                   Voltage
----                                   -------
vdd                                       1.98
vss                                          0
select                                       0
i0                                           0
i1                                           0
out                                 6.6928e-08
vi1#branch                         2.06211e-11
vi0#branch                         5.38139e-11
vsel#branch                                  0
vss#branch                         3.94693e-11
vdd#branch                        -1.13904e-10

 Reference value :  0.00000e+00 Reference value :  1.15950e-09 Reference value :  2.92050e-09 Reference value :  4.89550e-09 Reference value :  6.78550e-09 Reference value :  8.65550e-09 Reference value :  1.04855e-08 Reference value :  1.25355e-08 Reference value :  1.45265e-08 Reference value :  1.65215e-08 Reference value :  1.85095e-08
No. of Data Rows : 20032
voh                 =  1.980378e+00 at=  6.020700e-09
vol                 =  6.692800e-08 at=  1.000000e-09
tpd_rise            =  6.325965e-11 targ=  1.073260e-09 trig=  1.010000e-09
tpd_fall            =  6.572487e-11 targ=  6.095725e-09 trig=  6.030000e-09
rise_time           =  1.868337e-10 targ=  1.206782e-09 trig=  1.019948e-09
"/home/anusri/AI_Assisted_MixedSignalPhysicalDesign_Internship_GITHUB/task5/reproducibility/results/tt_vdd1.98_temp+125_sel0.raw": No such file or directory
fall_time           =  1.533761e-10 targ=  6.194284e-09 trig=  6.040907e-09
ngspice-45.2 done
