
Note: No compatibility mode selected!


Circuit: * ============================================================

Doing analysis at TEMP = 27.000000 and TNOM = 27.000000

Using SPARSE 1.3 as Direct Linear Solver

Initial Transient Solution
--------------------------

Node                                   Voltage
----                                   -------
vdd                                       1.98
vss                                          0
select                                    1.98
i0                                           0
i1                                           0
out                                 1.0664e-08
vi1#branch                         9.96797e-12
vi0#branch                         6.00574e-12
vsel#branch                                  0
vss#branch                         4.70124e-10
vdd#branch                        -4.86097e-10

 Reference value :  0.00000e+00 Reference value :  1.11280e-10 Reference value :  1.49950e-09 Reference value :  2.91350e-09 Reference value :  4.19350e-09 Reference value :  5.57650e-09 Reference value :  7.01750e-09 Reference value :  8.35850e-09 Reference value :  9.77850e-09 Reference value :  1.10955e-08 Reference value :  1.24295e-08 Reference value :  1.37215e-08 Reference value :  1.50825e-08 Reference value :  1.64085e-08 Reference value :  1.79035e-08 Reference value :  1.91975e-08
No. of Data Rows : 20032
voh                 =  1.980109e+00 at=  6.020700e-09
vol                 =  -2.783082e-05 at=  1.000300e-09
tpd_rise            =  6.588244e-11 targ=  1.075882e-09 trig=  1.010000e-09
tpd_fall            =  6.092017e-11 targ=  6.090920e-09 trig=  6.030000e-09
rise_time           =  1.937606e-10 targ=  1.213286e-09 trig=  1.019525e-09
"/home/anusri/AI_Assisted_MixedSignalPhysicalDesign_Internship_GITHUB/task5/reproducibility/results/tt_vdd1.98_temp+27_sel1.raw": No such file or directory
fall_time           =  1.310103e-10 targ=  6.171424e-09 trig=  6.040413e-09
ngspice-45.2 done
