
Note: No compatibility mode selected!


Circuit: * ============================================================

Doing analysis at TEMP = 125.000000 and TNOM = 27.000000

Using SPARSE 1.3 as Direct Linear Solver

Initial Transient Solution
--------------------------

Node                                   Voltage
----                                   -------
vdd                                       1.62
vss                                          0
select                                       0
i0                                           0
i1                                           0
out                                7.06527e-08
vi1#branch                         1.66009e-11
vi0#branch                         4.90737e-11
vsel#branch                                  0
vss#branch                         3.31703e-11
vdd#branch                        -9.88449e-11

 Reference value :  0.00000e+00 Reference value :  8.00000e-14 Reference value :  9.04280e-10 Reference value :  2.24850e-09 Reference value :  3.67450e-09 Reference value :  5.13350e-09 Reference value :  6.56250e-09 Reference value :  7.97550e-09 Reference value :  9.31650e-09 Reference value :  1.07775e-08 Reference value :  1.24245e-08 Reference value :  1.38265e-08 Reference value :  1.51965e-08 Reference value :  1.66825e-08 Reference value :  1.82805e-08 Reference value :  1.99205e-08
No. of Data Rows : 20032
voh                 =  1.620366e+00 at=  6.020700e-09
vol                 =  -6.061755e-06 at=  1.000300e-09
tpd_rise            =  8.524995e-11 targ=  1.095250e-09 trig=  1.010000e-09
tpd_fall            =  8.510372e-11 targ=  6.115104e-09 trig=  6.030000e-09
rise_time           =  2.411559e-10 targ=  1.263717e-09 trig=  1.022561e-09
"/home/anusri/AI_Assisted_MixedSignalPhysicalDesign_Internship_GITHUB/task5/reproducibility/results/tt_vdd1.62_temp+125_sel0.raw": No such file or directory
fall_time           =  1.923586e-10 targ=  6.236395e-09 trig=  6.044036e-09
ngspice-45.2 done
