
Note: No compatibility mode selected!


Circuit: * ============================================================

Doing analysis at TEMP = -40.000000 and TNOM = 27.000000

Using SPARSE 1.3 as Direct Linear Solver

Initial Transient Solution
--------------------------

Node                                   Voltage
----                                   -------
vdd                                       1.62
vss                                          0
select                                    1.62
i0                                           0
i1                                           0
out                                4.62199e-09
vi1#branch                         5.22445e-12
vi0#branch                         1.98445e-12
vsel#branch                                  0
vss#branch                         2.47565e-12
vdd#branch                        -9.68458e-12

 Reference value :  0.00000e+00 Reference value :  3.52800e-11 Reference value :  9.70280e-10 Reference value :  2.20450e-09 Reference value :  3.58150e-09 Reference value :  5.14850e-09 Reference value :  6.72050e-09 Reference value :  8.20750e-09 Reference value :  9.44650e-09 Reference value :  1.09505e-08 Reference value :  1.25635e-08 Reference value :  1.39645e-08 Reference value :  1.54225e-08 Reference value :  1.68835e-08 Reference value :  1.83995e-08 Reference value :  1.99385e-08
No. of Data Rows : 20032
voh                 =  1.620148e+00 at=  6.020700e-09
vol                 =  -1.607728e-05 at=  1.000100e-09
tpd_rise            =  1.028544e-10 targ=  1.112854e-09 trig=  1.010000e-09
tpd_fall            =  7.911115e-11 targ=  6.109111e-09 trig=  6.030000e-09
rise_time           =  2.864631e-10 targ=  1.308507e-09 trig=  1.022044e-09
"/home/anusri/AI_Assisted_MixedSignalPhysicalDesign_Internship_GITHUB/task5/reproducibility/results/tt_vdd1.62_temp-40_sel1.raw": No such file or directory
fall_time           =  1.528596e-10 targ=  6.196953e-09 trig=  6.044093e-09
ngspice-45.2 done
