
Note: No compatibility mode selected!


Circuit: *=============================================================

Doing analysis at TEMP = 27.000000 and TNOM = 27.000000

Using SPARSE 1.3 as Direct Linear Solver

Initial Transient Solution
--------------------------

Node                                   Voltage
----                                   -------
vdd                                        1.8
vss                                          0
select                                     1.8
i0                                           0
i1                                           0
out                                7.20668e-09
vi1#branch                         6.74976e-12
vi0#branch                         3.14753e-12
vsel#branch                                  0
vss#branch                         3.19909e-10
vdd#branch                        -3.29806e-10

 Reference value :  0.00000e+00 Reference value :  1.52850e-09 Reference value :  3.28750e-09 Reference value :  5.28350e-09 Reference value :  7.19950e-09 Reference value :  9.43850e-09 Reference value :  1.14805e-08 Reference value :  1.33055e-08 Reference value :  1.55725e-08 Reference value :  1.76685e-08
No. of Data Rows : 20032
binary raw file "results/select1_postlayout.raw"
Note: Simulation executed from .control section 
