
Note: No compatibility mode selected!


Circuit: *=============================================================

Doing analysis at TEMP = 27.000000 and TNOM = 27.000000

Using SPARSE 1.3 as Direct Linear Solver

Initial Transient Solution
--------------------------

Node                                   Voltage
----                                   -------
vdd                                        1.8
vss                                          0
select                                       0
i0                                           0
i1                                         1.8
out                                4.68661e-07
vi1#branch                        -3.18665e-10
vi0#branch                         3.23618e-10
vsel#branch                                  0
vss#branch                         3.70963e-12
vdd#branch                        -8.66322e-12

 Reference value :  0.00000e+00 Reference value :  1.61150e-09 Reference value :  3.49450e-09 Reference value :  5.33350e-09 Reference value :  7.26650e-09 Reference value :  9.35250e-09 Reference value :  1.15055e-08 Reference value :  1.36055e-08 Reference value :  1.57485e-08 Reference value :  1.77055e-08 Reference value :  1.97895e-08
No. of Data Rows : 20032
binary raw file "results/select0_postlayout.raw"
Note: Simulation executed from .control section
