
Note: No compatibility mode selected!


Circuit: *=============================================================

Doing analysis at TEMP = 27.000000 and TNOM = 27.000000

Using SPARSE 1.3 as Direct Linear Solver

Initial Transient Solution
--------------------------

Node                                   Voltage
----                                   -------
vdd                                        1.8
vss                                          0
select                                     1.8
i0                                           0
i1                                           0
out                                7.23256e-09
xmux.sel_b                         4.65895e-07
vi1#branch                         6.77641e-12
vi0#branch                         3.15641e-12
vsel#branch                                  0
vss#branch                         3.19918e-10
vdd#branch                        -3.29851e-10


No. of Data Rows : 20032
binary raw file "results/select1.raw"
Note: Simulation executed from .control section 
