
Note: No compatibility mode selected!


Circuit: * ============================================================

Doing analysis at TEMP = 27.000000 and TNOM = 27.000000

Using SPARSE 1.3 as Direct Linear Solver

Initial Transient Solution
--------------------------

Node                                   Voltage
----                                   -------
vdd                                       1.98
vss                                          0
select                                    1.98
i0                                           0
i1                                           0
out                                8.81716e-09
vi1#branch                          1.1528e-11
vi0#branch                         7.56587e-12
vsel#branch                                  0
vss#branch                         9.14516e-09
vdd#branch                        -9.16425e-09

 Reference value :  0.00000e+00 Reference value :  6.78280e-10 Reference value :  1.98850e-09 Reference value :  3.34550e-09 Reference value :  4.53550e-09 Reference value :  6.05450e-09 Reference value :  7.68250e-09 Reference value :  9.22750e-09 Reference value :  1.07685e-08 Reference value :  1.20815e-08 Reference value :  1.34265e-08 Reference value :  1.48195e-08 Reference value :  1.63665e-08 Reference value :  1.77965e-08 Reference value :  1.92825e-08
No. of Data Rows : 20032
voh                 =  1.980032e+00 at=  6.020300e-09
vol                 =  -8.268276e-06 at=  1.000100e-09
tpd_rise            =  4.892958e-11 targ=  1.058930e-09 trig=  1.010000e-09
tpd_fall            =  4.719814e-11 targ=  6.077198e-09 trig=  6.030000e-09
rise_time           =  1.558652e-10 targ=  1.172510e-09 trig=  1.016645e-09
"/home/anusri/AI_Assisted_MixedSignalPhysicalDesign_Internship_GITHUB/task5/pvt_characterization/results/ff_vdd1.98_temp+27_sel1.raw": No such file or directory
fall_time           =  1.025275e-10 targ=  6.140599e-09 trig=  6.038072e-09
ngspice-45.2 done
