
Note: No compatibility mode selected!


Circuit: * ============================================================

Doing analysis at TEMP = 125.000000 and TNOM = 27.000000

Using SPARSE 1.3 as Direct Linear Solver

Initial Transient Solution
--------------------------

Node                                   Voltage
----                                   -------
vdd                                       1.98
vss                                          0
select                                    1.98
i0                                           0
i1                                           0
out                                4.75513e-08
vi1#branch                         5.43931e-11
vi0#branch                         2.18543e-11
vsel#branch                                  0
vss#branch                         2.69314e-07
vdd#branch                         -2.6939e-07

 Reference value :  0.00000e+00 Reference value :  1.07650e-09 Reference value :  1.98450e-09 Reference value :  3.37850e-09 Reference value :  4.84850e-09 Reference value :  6.30450e-09 Reference value :  7.60450e-09 Reference value :  8.98350e-09 Reference value :  9.97250e-09 Reference value :  1.11565e-08 Reference value :  1.25565e-08 Reference value :  1.39665e-08 Reference value :  1.53435e-08 Reference value :  1.65925e-08 Reference value :  1.78455e-08 Reference value :  1.92405e-08
No. of Data Rows : 20032
voh                 =  1.979391e+00 at=  6.020300e-09
vol                 =  -4.269309e-06 at=  1.000100e-09
tpd_rise            =  5.056495e-11 targ=  1.060565e-09 trig=  1.010000e-09
tpd_fall            =  5.020772e-11 targ=  6.080208e-09 trig=  6.030000e-09
rise_time           =  1.549704e-10 targ=  1.172820e-09 trig=  1.017849e-09
"/home/anusri/AI_Assisted_MixedSignalPhysicalDesign_Internship_GITHUB/task5/pvt_characterization/results/ff_vdd1.98_temp+125_sel1.raw": No such file or directory
fall_time           =  1.169769e-10 targ=  6.155203e-09 trig=  6.038226e-09
ngspice-45.2 done
