
Note: No compatibility mode selected!


Circuit: * ============================================================

Doing analysis at TEMP = 125.000000 and TNOM = 27.000000

Using SPARSE 1.3 as Direct Linear Solver

Initial Transient Solution
--------------------------

Node                                   Voltage
----                                   -------
vdd                                       1.62
vss                                          0
select                                    1.62
i0                                           0
i1                                           0
out                                4.75871e-08
vi1#branch                         4.82645e-11
vi0#branch                         1.64456e-11
vsel#branch                                  0
vss#branch                         1.51051e-07
vdd#branch                        -1.51116e-07

 Reference value :  0.00000e+00 Reference value :  4.00000e-14 Reference value :  9.53280e-10 Reference value :  2.17550e-09 Reference value :  3.57450e-09 Reference value :  5.05950e-09 Reference value :  6.56450e-09 Reference value :  8.00650e-09 Reference value :  9.45950e-09 Reference value :  1.09335e-08 Reference value :  1.22945e-08 Reference value :  1.36335e-08 Reference value :  1.51665e-08 Reference value :  1.66335e-08 Reference value :  1.81055e-08 Reference value :  1.96795e-08
No. of Data Rows : 20032
voh                 =  1.619620e+00 at=  6.020300e-09
vol                 =  -2.949816e-06 at=  1.000300e-09
tpd_rise            =  6.417064e-11 targ=  1.074171e-09 trig=  1.010000e-09
tpd_fall            =  6.167922e-11 targ=  6.091679e-09 trig=  6.030000e-09
rise_time           =  1.885742e-10 targ=  1.208618e-09 trig=  1.020044e-09
"/home/anusri/AI_Assisted_MixedSignalPhysicalDesign_Internship_GITHUB/task5/pvt_characterization/results/ff_vdd1.62_temp+125_sel1.raw": No such file or directory
fall_time           =  1.405624e-10 targ=  6.180757e-09 trig=  6.040194e-09
ngspice-45.2 done
