Note: Starting dynamic gmin stepping
Note: Dynamic gmin stepping completed

Note: No compatibility mode selected!


Circuit: * ============================================================

Doing analysis at TEMP = -40.000000 and TNOM = 27.000000

Using SPARSE 1.3 as Direct Linear Solver

Initial Transient Solution
--------------------------

Node                                   Voltage
----                                   -------
vdd                                        1.8
vss                                          0
select                                       0
i0                                           0
i1                                           0
out                                4.27927e-09
vi1#branch                         3.71773e-12
vi0#branch                         7.31773e-12
vsel#branch                                  0
vss#branch                         1.81606e-12
vdd#branch                        -1.28514e-11

 Reference value :  0.00000e+00 Reference value :  1.28350e-09 Reference value :  2.71550e-09 Reference value :  4.09250e-09 Reference value :  5.48750e-09 Reference value :  7.05450e-09 Reference value :  8.52850e-09 Reference value :  9.90450e-09 Reference value :  1.13455e-08 Reference value :  1.27215e-08 Reference value :  1.41425e-08 Reference value :  1.55435e-08 Reference value :  1.69935e-08 Reference value :  1.84205e-08 Reference value :  1.98095e-08
No. of Data Rows : 20032
voh                 =  1.800302e+00 at=  6.020700e-09
vol                 =  4.279271e-09 at=  1.000000e-09
tpd_rise            =  5.295813e-11 targ=  1.062958e-09 trig=  1.010000e-09
tpd_fall            =  5.182630e-11 targ=  6.081826e-09 trig=  6.030000e-09
rise_time           =  1.700627e-10 targ=  1.186307e-09 trig=  1.016244e-09
"/home/anusri/AI_Assisted_MixedSignalPhysicalDesign_Internship_GITHUB/task5/pvt_characterization/results/ff_vdd1.80_temp-40_sel0.raw": No such file or directory
fall_time           =  1.038296e-10 targ=  6.143152e-09 trig=  6.039323e-09
ngspice-45.2 done
