
Note: No compatibility mode selected!


Circuit: * ============================================================

Doing analysis at TEMP = 125.000000 and TNOM = 27.000000

Using SPARSE 1.3 as Direct Linear Solver

Initial Transient Solution
--------------------------

Node                                   Voltage
----                                   -------
vdd                                        1.8
vss                                          0
select                                       0
i0                                           0
i1                                           0
out                                4.56045e-08
vi1#branch                         1.80072e-11
vi0#branch                         5.01861e-11
vsel#branch                                  0
vss#branch                         3.25997e-10
vdd#branch                        -3.94191e-10

 Reference value :  0.00000e+00 Reference value :  5.02800e-11 Reference value :  1.12050e-09 Reference value :  2.48250e-09 Reference value :  3.92050e-09 Reference value :  5.26650e-09 Reference value :  6.64450e-09 Reference value :  8.08850e-09 Reference value :  9.49350e-09 Reference value :  1.07795e-08 Reference value :  1.20245e-08 Reference value :  1.34715e-08 Reference value :  1.49515e-08 Reference value :  1.64065e-08 Reference value :  1.79065e-08 Reference value :  1.95165e-08
No. of Data Rows : 20032
voh                 =  1.799780e+00 at=  6.020700e-09
vol                 =  4.560447e-08 at=  1.000000e-09
tpd_rise            =  5.419837e-11 targ=  1.064198e-09 trig=  1.010000e-09
tpd_fall            =  5.661987e-11 targ=  6.086620e-09 trig=  6.030000e-09
rise_time           =  1.659940e-10 targ=  1.184165e-09 trig=  1.018171e-09
"/home/anusri/AI_Assisted_MixedSignalPhysicalDesign_Internship_GITHUB/task5/pvt_characterization/results/ff_vdd1.80_temp+125_sel0.raw": No such file or directory
fall_time           =  1.284707e-10 targ=  6.167919e-09 trig=  6.039448e-09
ngspice-45.2 done
