Note: Starting dynamic gmin stepping
Note: Dynamic gmin stepping completed

Note: No compatibility mode selected!


Circuit: * ============================================================

Doing analysis at TEMP = -40.000000 and TNOM = 27.000000

Using SPARSE 1.3 as Direct Linear Solver

Initial Transient Solution
--------------------------

Node                                   Voltage
----                                   -------
vdd                                       1.62
vss                                          0
select                                       0
i0                                           0
i1                                           0
out                                3.28711e-09
vi1#branch                         2.15613e-12
vi0#branch                         5.39613e-12
vsel#branch                                  0
vss#branch                         1.63275e-12
vdd#branch                        -9.18502e-12

 Reference value :  0.00000e+00 Reference value :  1.27850e-09 Reference value :  2.93350e-09 Reference value :  4.46050e-09 Reference value :  6.00150e-09 Reference value :  7.43350e-09 Reference value :  9.02150e-09 Reference value :  1.05355e-08 Reference value :  1.20315e-08 Reference value :  1.37055e-08 Reference value :  1.53905e-08 Reference value :  1.69785e-08 Reference value :  1.83635e-08 Reference value :  1.99385e-08
No. of Data Rows : 20032
voh                 =  1.620293e+00 at=  6.020700e-09
vol                 =  3.287109e-09 at=  1.000000e-09
tpd_rise            =  6.400200e-11 targ=  1.074002e-09 trig=  1.010000e-09
tpd_fall            =  5.958019e-11 targ=  6.089580e-09 trig=  6.030000e-09
rise_time           =  1.974534e-10 targ=  1.215070e-09 trig=  1.017616e-09
"/home/anusri/AI_Assisted_MixedSignalPhysicalDesign_Internship_GITHUB/task5/pvt_characterization/results/ff_vdd1.62_temp-40_sel0.raw": No such file or directory
fall_time           =  1.171104e-10 targ=  6.157888e-09 trig=  6.040778e-09
ngspice-45.2 done
