Note: Starting dynamic gmin stepping
Note: Dynamic gmin stepping completed

Note: No compatibility mode selected!


Circuit: * ============================================================

Doing analysis at TEMP = -40.000000 and TNOM = 27.000000

Using SPARSE 1.3 as Direct Linear Solver

Initial Transient Solution
--------------------------

Node                                   Voltage
----                                   -------
vdd                                        1.8
vss                                          0
select                                     1.8
i0                                           0
i1                                           0
out                                4.27927e-09
vi1#branch                         7.31773e-12
vi0#branch                         3.71773e-12
vsel#branch                                  0
vss#branch                         1.52908e-10
vdd#branch                        -1.63943e-10

 Reference value :  0.00000e+00 Reference value :  1.25750e-09 Reference value :  2.54450e-09 Reference value :  4.03450e-09 Reference value :  5.46150e-09 Reference value :  6.90950e-09 Reference value :  8.40550e-09 Reference value :  9.66650e-09 Reference value :  1.10145e-08 Reference value :  1.24495e-08 Reference value :  1.38155e-08 Reference value :  1.52935e-08 Reference value :  1.66665e-08 Reference value :  1.79275e-08 Reference value :  1.91735e-08
No. of Data Rows : 20032
voh                 =  1.800055e+00 at=  6.020300e-09
vol                 =  -4.070643e-07 at=  1.000100e-09
tpd_rise            =  5.459645e-11 targ=  1.064596e-09 trig=  1.010000e-09
tpd_fall            =  5.041527e-11 targ=  6.080415e-09 trig=  6.030000e-09
rise_time           =  1.713726e-10 targ=  1.188153e-09 trig=  1.016780e-09
"/home/anusri/AI_Assisted_MixedSignalPhysicalDesign_Internship_GITHUB/task5/pvt_characterization/results/ff_vdd1.80_temp-40_sel1.raw": No such file or directory
fall_time           =  1.023715e-10 targ=  6.141307e-09 trig=  6.038936e-09
ngspice-45.2 done
