
Note: No compatibility mode selected!


Circuit: * ============================================================

Doing analysis at TEMP = 125.000000 and TNOM = 27.000000

Using SPARSE 1.3 as Direct Linear Solver

Initial Transient Solution
--------------------------

Node                                   Voltage
----                                   -------
vdd                                       1.98
vss                                          0
select                                       0
i0                                           0
i1                                           0
out                                4.75512e-08
vi1#branch                         2.18542e-11
vi0#branch                         5.43931e-11
vsel#branch                                  0
vss#branch                         3.75319e-10
vdd#branch                        -4.51566e-10

 Reference value :  0.00000e+00 Reference value :  3.08280e-10 Reference value :  1.69450e-09 Reference value :  3.12550e-09 Reference value :  4.56750e-09 Reference value :  5.95450e-09 Reference value :  7.22650e-09 Reference value :  8.49550e-09 Reference value :  9.97850e-09 Reference value :  1.13675e-08 Reference value :  1.27765e-08 Reference value :  1.42135e-08 Reference value :  1.57855e-08 Reference value :  1.72135e-08 Reference value :  1.85805e-08
No. of Data Rows : 20032
voh                 =  1.979653e+00 at=  6.020700e-09
vol                 =  4.755125e-08 at=  1.000000e-09
tpd_rise            =  4.907200e-11 targ=  1.059072e-09 trig=  1.010000e-09
tpd_fall            =  5.168088e-11 targ=  6.081681e-09 trig=  6.030000e-09
rise_time           =  1.537001e-10 targ=  1.170989e-09 trig=  1.017289e-09
"/home/anusri/AI_Assisted_MixedSignalPhysicalDesign_Internship_GITHUB/task5/pvt_characterization/results/ff_vdd1.98_temp+125_sel0.raw": No such file or directory
fall_time           =  1.185390e-10 targ=  6.157120e-09 trig=  6.038581e-09
ngspice-45.2 done
