
Note: No compatibility mode selected!


Circuit: * ============================================================

Doing analysis at TEMP = -40.000000 and TNOM = 27.000000

Using SPARSE 1.3 as Direct Linear Solver

Initial Transient Solution
--------------------------

Node                                   Voltage
----                                   -------
vdd                                       1.98
vss                                          0
select                                    1.98
i0                                           0
i1                                           0
out                                1.11828e-08
vi1#branch                         8.83829e-12
vi0#branch                         4.87829e-12
vsel#branch                                  0
vss#branch                          4.8784e-12
vdd#branch                         -1.8595e-11

 Reference value :  0.00000e+00 Reference value :  8.00000e-14 Reference value :  6.57280e-10 Reference value :  1.93050e-09 Reference value :  3.04450e-09 Reference value :  4.26450e-09 Reference value :  5.88450e-09 Reference value :  7.41750e-09 Reference value :  9.04550e-09 Reference value :  1.06135e-08 Reference value :  1.21615e-08 Reference value :  1.35595e-08 Reference value :  1.52335e-08 Reference value :  1.67985e-08 Reference value :  1.83985e-08 Reference value :  1.98995e-08
No. of Data Rows : 20032
voh                 =  1.980222e+00 at=  6.020700e-09
vol                 =  -5.322491e-05 at=  1.000300e-09
tpd_rise            =  9.870817e-11 targ=  1.108708e-09 trig=  1.010000e-09
tpd_fall            =  7.542038e-11 targ=  6.105420e-09 trig=  6.030000e-09
rise_time           =  2.772621e-10 targ=  1.299189e-09 trig=  1.021927e-09
"/home/anusri/AI_Assisted_MixedSignalPhysicalDesign_Internship_GITHUB/task5/pvt_characterization/results/ss_vdd1.98_temp-40_sel1.raw": No such file or directory
fall_time           =  1.532768e-10 targ=  6.197009e-09 trig=  6.043733e-09
ngspice-45.2 done
