
Note: No compatibility mode selected!


Circuit: * ============================================================

Doing analysis at TEMP = -40.000000 and TNOM = 27.000000

Using SPARSE 1.3 as Direct Linear Solver

Initial Transient Solution
--------------------------

Node                                   Voltage
----                                   -------
vdd                                        1.8
vss                                          0
select                                       0
i0                                           0
i1                                           0
out                                 8.3033e-09
vi1#branch                         2.74464e-12
vi0#branch                         6.34464e-12
vsel#branch                                  0
vss#branch                             1.8e-12
vdd#branch                        -1.08892e-11

 Reference value :  0.00000e+00 Reference value :  4.00000e-14 Reference value :  9.92280e-10 Reference value :  2.43650e-09 Reference value :  3.70850e-09 Reference value :  5.25150e-09 Reference value :  6.74550e-09 Reference value :  8.38450e-09 Reference value :  1.00425e-08 Reference value :  1.15315e-08 Reference value :  1.30405e-08 Reference value :  1.44675e-08 Reference value :  1.60585e-08 Reference value :  1.73075e-08 Reference value :  1.87875e-08
No. of Data Rows : 20032
voh                 =  1.800751e+00 at=  6.021500e-09
vol                 =  -5.431387e-06 at=  1.000100e-09
tpd_rise            =  1.206142e-10 targ=  1.130614e-09 trig=  1.010000e-09
tpd_fall            =  9.306580e-11 targ=  6.123066e-09 trig=  6.030000e-09
rise_time           =  3.317555e-10 targ=  1.354836e-09 trig=  1.023080e-09
"/home/anusri/AI_Assisted_MixedSignalPhysicalDesign_Internship_GITHUB/task5/pvt_characterization/results/ss_vdd1.80_temp-40_sel0.raw": No such file or directory
fall_time           =  1.818916e-10 targ=  6.229227e-09 trig=  6.047335e-09
ngspice-45.2 done
