
Note: No compatibility mode selected!


Circuit: * ============================================================

Doing analysis at TEMP = 27.000000 and TNOM = 27.000000

Using SPARSE 1.3 as Direct Linear Solver

Initial Transient Solution
--------------------------

Node                                   Voltage
----                                   -------
vdd                                        1.8
vss                                          0
select                                     1.8
i0                                           0
i1                                           0
out                                1.08073e-08
vi1#branch                         6.34806e-12
vi0#branch                         2.74578e-12
vsel#branch                                  0
vss#branch                         3.18727e-12
vdd#branch                         -1.2281e-11

 Reference value :  0.00000e+00 Reference value :  1.60000e-13 Reference value :  1.30550e-09 Reference value :  2.77950e-09 Reference value :  4.32750e-09 Reference value :  6.03050e-09 Reference value :  7.71650e-09 Reference value :  9.38150e-09 Reference value :  1.10015e-08 Reference value :  1.24805e-08 Reference value :  1.39505e-08 Reference value :  1.53535e-08 Reference value :  1.68235e-08 Reference value :  1.82515e-08 Reference value :  1.95965e-08
No. of Data Rows : 20032
voh                 =  1.800225e+00 at=  6.020700e-09
vol                 =  -8.301578e-05 at=  1.000300e-09
tpd_rise            =  1.182811e-10 targ=  1.128281e-09 trig=  1.010000e-09
tpd_fall            =  9.689953e-11 targ=  6.126900e-09 trig=  6.030000e-09
rise_time           =  3.144657e-10 targ=  1.340481e-09 trig=  1.026015e-09
"/home/anusri/AI_Assisted_MixedSignalPhysicalDesign_Internship_GITHUB/task5/pvt_characterization/results/ss_vdd1.80_temp+27_sel1.raw": No such file or directory
fall_time           =  2.098273e-10 targ=  6.255956e-09 trig=  6.046129e-09
ngspice-45.2 done
