
Note: No compatibility mode selected!


Circuit: * ============================================================

Doing analysis at TEMP = 27.000000 and TNOM = 27.000000

Using SPARSE 1.3 as Direct Linear Solver

Initial Transient Solution
--------------------------

Node                                   Voltage
----                                   -------
vdd                                        1.8
vss                                          0
select                                       0
i0                                           0
i1                                           0
out                                1.08073e-08
vi1#branch                         2.74578e-12
vi0#branch                         6.34806e-12
vsel#branch                                  0
vss#branch                         1.80259e-12
vdd#branch                        -1.08964e-11

 Reference value :  0.00000e+00 Reference value :  8.00000e-14 Reference value :  1.27950e-09 Reference value :  2.74250e-09 Reference value :  4.08150e-09 Reference value :  5.51950e-09 Reference value :  7.09750e-09 Reference value :  8.65250e-09 Reference value :  1.01905e-08 Reference value :  1.16405e-08 Reference value :  1.31225e-08 Reference value :  1.47815e-08 Reference value :  1.64065e-08 Reference value :  1.79735e-08 Reference value :  1.93965e-08
No. of Data Rows : 20032
voh                 =  1.800779e+00 at=  6.021500e-09
vol                 =  -2.936065e-05 at=  1.000300e-09
tpd_rise            =  1.142935e-10 targ=  1.124294e-09 trig=  1.010000e-09
tpd_fall            =  1.005822e-10 targ=  6.130582e-09 trig=  6.030000e-09
rise_time           =  3.114193e-10 targ=  1.335947e-09 trig=  1.024527e-09
"/home/anusri/AI_Assisted_MixedSignalPhysicalDesign_Internship_GITHUB/task5/pvt_characterization/results/ss_vdd1.80_temp+27_sel0.raw": No such file or directory
fall_time           =  2.130237e-10 targ=  6.260435e-09 trig=  6.047411e-09
ngspice-45.2 done
