
Note: No compatibility mode selected!


Circuit: * ============================================================

Doing analysis at TEMP = -40.000000 and TNOM = 27.000000

Using SPARSE 1.3 as Direct Linear Solver

Initial Transient Solution
--------------------------

Node                                   Voltage
----                                   -------
vdd                                       1.98
vss                                          0
select                                       0
i0                                           0
i1                                           0
out                                1.11828e-08
vi1#branch                         4.87829e-12
vi0#branch                         8.83829e-12
vsel#branch                                  0
vss#branch                            1.98e-12
vdd#branch                        -1.56965e-11

 Reference value :  0.00000e+00 Reference value :  4.00000e-14 Reference value :  5.16280e-10 Reference value :  1.80350e-09 Reference value :  3.31750e-09 Reference value :  4.85750e-09 Reference value :  6.41350e-09 Reference value :  7.84450e-09 Reference value :  9.47650e-09 Reference value :  1.09655e-08 Reference value :  1.24665e-08 Reference value :  1.39825e-08 Reference value :  1.53115e-08 Reference value :  1.68675e-08 Reference value :  1.85115e-08
No. of Data Rows : 20032
voh                 =  1.980709e+00 at=  6.021500e-09
vol                 =  -3.593877e-06 at=  1.000100e-09
tpd_rise            =  9.539877e-11 targ=  1.105399e-09 trig=  1.010000e-09
tpd_fall            =  7.825411e-11 targ=  6.108254e-09 trig=  6.030000e-09
rise_time           =  2.745644e-10 targ=  1.295557e-09 trig=  1.020993e-09
"/home/anusri/AI_Assisted_MixedSignalPhysicalDesign_Internship_GITHUB/task5/pvt_characterization/results/ss_vdd1.98_temp-40_sel0.raw": No such file or directory
fall_time           =  1.558335e-10 targ=  6.200508e-09 trig=  6.044675e-09
ngspice-45.2 done
