
Note: No compatibility mode selected!


Circuit: * ============================================================

Doing analysis at TEMP = 125.000000 and TNOM = 27.000000

Using SPARSE 1.3 as Direct Linear Solver

Initial Transient Solution
--------------------------

Node                                   Voltage
----                                   -------
vdd                                        1.8
vss                                          0
select                                       0
i0                                           0
i1                                           0
out                                1.09359e-07
vi1#branch                         1.76881e-11
vi0#branch                         5.11748e-11
vsel#branch                                  0
vss#branch                           1.487e-11
vdd#branch                        -8.37329e-11

 Reference value :  0.00000e+00 Reference value :  7.39280e-10 Reference value :  2.15450e-09 Reference value :  3.67250e-09 Reference value :  5.36650e-09 Reference value :  7.02150e-09 Reference value :  8.32150e-09 Reference value :  9.53750e-09 Reference value :  1.10635e-08 Reference value :  1.25645e-08 Reference value :  1.41355e-08 Reference value :  1.58115e-08 Reference value :  1.74815e-08 Reference value :  1.90285e-08
No. of Data Rows : 20032
voh                 =  1.800781e+00 at=  6.021500e-09
vol                 =  -4.590982e-05 at=  1.000300e-09
tpd_rise            =  1.063407e-10 targ=  1.116341e-09 trig=  1.010000e-09
tpd_fall            =  1.065327e-10 targ=  6.136533e-09 trig=  6.030000e-09
rise_time           =  2.896997e-10 targ=  1.315532e-09 trig=  1.025832e-09
"/home/anusri/AI_Assisted_MixedSignalPhysicalDesign_Internship_GITHUB/task5/pvt_characterization/results/ss_vdd1.80_temp+125_sel0.raw": No such file or directory
fall_time           =  2.531045e-10 targ=  6.300288e-09 trig=  6.047183e-09
ngspice-45.2 done
