
Note: No compatibility mode selected!


Circuit: * ============================================================

Doing analysis at TEMP = 125.000000 and TNOM = 27.000000

Using SPARSE 1.3 as Direct Linear Solver

Initial Transient Solution
--------------------------

Node                                   Voltage
----                                   -------
vdd                                       1.62
vss                                          0
select                                    1.62
i0                                           0
i1                                           0
out                                7.06527e-08
vi1#branch                         4.90737e-11
vi0#branch                         1.66009e-11
vsel#branch                                  0
vss#branch                         2.24097e-08
vdd#branch                        -2.24754e-08

 Reference value :  0.00000e+00 Reference value :  7.09280e-10 Reference value :  1.81450e-09 Reference value :  3.39650e-09 Reference value :  4.86150e-09 Reference value :  6.36750e-09 Reference value :  7.91750e-09 Reference value :  9.57850e-09 Reference value :  1.11755e-08 Reference value :  1.28115e-08 Reference value :  1.43805e-08 Reference value :  1.57645e-08 Reference value :  1.73325e-08 Reference value :  1.90045e-08
No. of Data Rows : 20032
voh                 =  1.620057e+00 at=  6.020700e-09
vol                 =  -5.649357e-05 at=  1.000300e-09
tpd_rise            =  8.827232e-11 targ=  1.098272e-09 trig=  1.010000e-09
tpd_fall            =  8.222639e-11 targ=  6.112226e-09 trig=  6.030000e-09
rise_time           =  2.435421e-10 targ=  1.267257e-09 trig=  1.023715e-09
"/home/anusri/AI_Assisted_MixedSignalPhysicalDesign_Internship_GITHUB/task5/pvt_characterization/results/tt_vdd1.62_temp+125_sel1.raw": No such file or directory
fall_time           =  1.896855e-10 targ=  6.232857e-09 trig=  6.043172e-09
ngspice-45.2 done
