
Note: No compatibility mode selected!


Circuit: * ============================================================

Doing analysis at TEMP = 27.000000 and TNOM = 27.000000

Using SPARSE 1.3 as Direct Linear Solver

Initial Transient Solution
--------------------------

Node                                   Voltage
----                                   -------
vdd                                        1.8
vss                                          0
select                                     1.8
i0                                           0
i1                                           0
out                                7.20668e-09
vi1#branch                         6.74976e-12
vi0#branch                         3.14753e-12
vsel#branch                                  0
vss#branch                         3.19909e-10
vdd#branch                        -3.29806e-10

 Reference value :  0.00000e+00 Reference value :  2.85280e-10 Reference value :  1.72650e-09 Reference value :  3.10150e-09 Reference value :  4.59050e-09 Reference value :  6.12850e-09 Reference value :  7.63650e-09 Reference value :  9.22250e-09 Reference value :  1.07515e-08 Reference value :  1.21445e-08 Reference value :  1.36335e-08 Reference value :  1.51955e-08 Reference value :  1.66055e-08 Reference value :  1.80985e-08 Reference value :  1.95985e-08
No. of Data Rows : 20032
voh                 =  1.800125e+00 at=  6.020700e-09
vol                 =  -3.590624e-05 at=  1.000300e-09
tpd_rise            =  7.728114e-11 targ=  1.087281e-09 trig=  1.010000e-09
tpd_fall            =  6.916755e-11 targ=  6.099168e-09 trig=  6.030000e-09
rise_time           =  2.204463e-10 targ=  1.241347e-09 trig=  1.020901e-09
"/home/anusri/AI_Assisted_MixedSignalPhysicalDesign_Internship_GITHUB/task5/pvt_characterization/results/tt_vdd1.80_temp+27_sel1.raw": No such file or directory
fall_time           =  1.462209e-10 targ=  6.187955e-09 trig=  6.041734e-09
ngspice-45.2 done
