
Note: No compatibility mode selected!


Circuit: * ============================================================

Doing analysis at TEMP = -40.000000 and TNOM = 27.000000

Using SPARSE 1.3 as Direct Linear Solver

Initial Transient Solution
--------------------------

Node                                   Voltage
----                                   -------
vdd                                        1.8
vss                                          0
select                                     1.8
i0                                           0
i1                                           0
out                                5.57615e-09
vi1#branch                         6.74641e-12
vi0#branch                         3.14641e-12
vsel#branch                                  0
vss#branch                         4.11739e-12
vdd#branch                        -1.40103e-11

 Reference value :  0.00000e+00 Reference value :  3.70280e-10 Reference value :  1.61850e-09 Reference value :  3.09750e-09 Reference value :  4.45850e-09 Reference value :  5.71350e-09 Reference value :  7.07250e-09 Reference value :  8.58950e-09 Reference value :  1.01865e-08 Reference value :  1.18105e-08 Reference value :  1.33515e-08 Reference value :  1.49415e-08 Reference value :  1.62605e-08 Reference value :  1.75395e-08 Reference value :  1.90125e-08
No. of Data Rows : 20032
voh                 =  1.800128e+00 at=  6.020700e-09
vol                 =  -1.430921e-05 at=  1.000100e-09
tpd_rise            =  7.966546e-11 targ=  1.089665e-09 trig=  1.010000e-09
tpd_fall            =  6.669035e-11 targ=  6.096690e-09 trig=  6.030000e-09
rise_time           =  2.299807e-10 targ=  1.249960e-09 trig=  1.019979e-09
"/home/anusri/AI_Assisted_MixedSignalPhysicalDesign_Internship_GITHUB/task5/pvt_characterization/results/tt_vdd1.80_temp-40_sel1.raw": No such file or directory
fall_time           =  1.311870e-10 targ=  6.173055e-09 trig=  6.041868e-09
ngspice-45.2 done
