
Note: No compatibility mode selected!


Circuit: * ============================================================

Doing analysis at TEMP = -40.000000 and TNOM = 27.000000

Using SPARSE 1.3 as Direct Linear Solver

Initial Transient Solution
--------------------------

Node                                   Voltage
----                                   -------
vdd                                       1.98
vss                                          0
select                                    1.98
i0                                           0
i1                                           0
out                                8.19276e-09
vi1#branch                         9.96462e-12
vi0#branch                         6.00462e-12
vsel#branch                                  0
vss#branch                         7.86651e-12
vdd#branch                        -2.38357e-11

 Reference value :  0.00000e+00 Reference value :  9.72280e-10 Reference value :  2.23050e-09 Reference value :  3.73450e-09 Reference value :  5.36550e-09 Reference value :  6.74350e-09 Reference value :  8.20650e-09 Reference value :  9.85950e-09 Reference value :  1.13345e-08 Reference value :  1.29075e-08 Reference value :  1.45715e-08 Reference value :  1.61245e-08 Reference value :  1.75845e-08 Reference value :  1.91645e-08
No. of Data Rows : 20032
voh                 =  1.980112e+00 at=  6.020700e-09
vol                 =  -1.252600e-05 at=  1.000100e-09
tpd_rise            =  6.604145e-11 targ=  1.076041e-09 trig=  1.010000e-09
tpd_fall            =  5.833959e-11 targ=  6.088340e-09 trig=  6.030000e-09
rise_time           =  1.977740e-10 targ=  1.216226e-09 trig=  1.018452e-09
"/home/anusri/AI_Assisted_MixedSignalPhysicalDesign_Internship_GITHUB/task5/pvt_characterization/results/tt_vdd1.98_temp-40_sel1.raw": No such file or directory
fall_time           =  1.168427e-10 targ=  6.157256e-09 trig=  6.040414e-09
ngspice-45.2 done
