
Note: No compatibility mode selected!


Circuit: * ============================================================

Doing analysis at TEMP = 27.000000 and TNOM = 27.000000

Using SPARSE 1.3 as Direct Linear Solver

Initial Transient Solution
--------------------------

Node                                   Voltage
----                                   -------
vdd                                        1.8
vss                                          0
select                                       0
i0                                           0
i1                                           0
out                                7.20668e-09
vi1#branch                         3.14753e-12
vi0#branch                         6.74976e-12
vsel#branch                                  0
vss#branch                         1.90846e-12
vdd#branch                        -1.18057e-11

 Reference value :  0.00000e+00 Reference value :  4.00000e-14 Reference value :  5.53280e-10 Reference value :  1.98950e-09 Reference value :  3.33150e-09 Reference value :  5.03450e-09 Reference value :  6.71550e-09 Reference value :  8.13150e-09 Reference value :  9.53250e-09 Reference value :  1.12245e-08 Reference value :  1.28455e-08 Reference value :  1.42655e-08 Reference value :  1.56885e-08 Reference value :  1.72965e-08 Reference value :  1.87735e-08
No. of Data Rows : 20032
voh                 =  1.800473e+00 at=  6.020700e-09
vol                 =  -2.514210e-07 at=  1.000100e-09
tpd_rise            =  7.484725e-11 targ=  1.084847e-09 trig=  1.010000e-09
tpd_fall            =  7.135636e-11 targ=  6.101356e-09 trig=  6.030000e-09
rise_time           =  2.184471e-10 targ=  1.238601e-09 trig=  1.020154e-09
"/home/anusri/AI_Assisted_MixedSignalPhysicalDesign_Internship_GITHUB/task5/pvt_characterization/results/tt_vdd1.80_temp+27_sel0.raw": No such file or directory
fall_time           =  1.482895e-10 targ=  6.190680e-09 trig=  6.042390e-09
ngspice-45.2 done
