
Note: No compatibility mode selected!


Circuit: * ============================================================

Doing analysis at TEMP = -40.000000 and TNOM = 27.000000

Using SPARSE 1.3 as Direct Linear Solver

Initial Transient Solution
--------------------------

Node                                   Voltage
----                                   -------
vdd                                       1.98
vss                                          0
select                                       0
i0                                           0
i1                                           0
out                                8.19276e-09
vi1#branch                         6.00462e-12
vi0#branch                         9.96462e-12
vsel#branch                                  0
vss#branch                         1.98025e-12
vdd#branch                        -1.79495e-11

 Reference value :  0.00000e+00 Reference value :  1.60000e-13 Reference value :  1.20950e-09 Reference value :  2.72550e-09 Reference value :  4.21750e-09 Reference value :  5.50350e-09 Reference value :  7.03450e-09 Reference value :  8.56150e-09 Reference value :  1.00485e-08 Reference value :  1.15515e-08 Reference value :  1.30645e-08 Reference value :  1.45775e-08 Reference value :  1.60935e-08 Reference value :  1.75565e-08 Reference value :  1.91265e-08
No. of Data Rows : 20032
voh                 =  1.980490e+00 at=  6.020700e-09
vol                 =  8.192765e-09 at=  1.000000e-09
tpd_rise            =  6.398432e-11 targ=  1.073984e-09 trig=  1.010000e-09
tpd_fall            =  6.009627e-11 targ=  6.090096e-09 trig=  6.030000e-09
rise_time           =  1.961276e-10 targ=  1.213946e-09 trig=  1.017819e-09
"/home/anusri/AI_Assisted_MixedSignalPhysicalDesign_Internship_GITHUB/task5/pvt_characterization/results/tt_vdd1.98_temp-40_sel0.raw": No such file or directory
fall_time           =  1.185519e-10 targ=  6.159466e-09 trig=  6.040914e-09
ngspice-45.2 done
