
Note: No compatibility mode selected!


Circuit: * ============================================================

Doing analysis at TEMP = 125.000000 and TNOM = 27.000000

Using SPARSE 1.3 as Direct Linear Solver

Initial Transient Solution
--------------------------

Node                                   Voltage
----                                   -------
vdd                                        1.8
vss                                          0
select                                       0
i0                                           0
i1                                           0
out                                6.62868e-08
vi1#branch                         1.77629e-11
vi0#branch                         5.05957e-11
vsel#branch                                  0
vss#branch                         3.62004e-11
vdd#branch                        -1.04559e-10

 Reference value :  0.00000e+00 Reference value :  4.00000e-14 Reference value :  1.07750e-09 Reference value :  2.52950e-09 Reference value :  3.91950e-09 Reference value :  5.29450e-09 Reference value :  6.67550e-09 Reference value :  8.03450e-09 Reference value :  9.57350e-09 Reference value :  1.09955e-08 Reference value :  1.23865e-08 Reference value :  1.38155e-08 Reference value :  1.53225e-08 Reference value :  1.65875e-08 Reference value :  1.78555e-08 Reference value :  1.92575e-08
No. of Data Rows : 20032
voh                 =  1.800373e+00 at=  6.020700e-09
vol                 =  -1.283941e-06 at=  1.000300e-09
tpd_rise            =  7.197646e-11 targ=  1.081976e-09 trig=  1.010000e-09
tpd_fall            =  7.361476e-11 targ=  6.103615e-09 trig=  6.030000e-09
rise_time           =  2.082405e-10 targ=  1.229264e-09 trig=  1.021024e-09
"/home/anusri/AI_Assisted_MixedSignalPhysicalDesign_Internship_GITHUB/task5/pvt_characterization/results/tt_vdd1.80_temp+125_sel0.raw": No such file or directory
fall_time           =  1.691628e-10 targ=  6.211345e-09 trig=  6.042182e-09
ngspice-45.2 done
