
Note: No compatibility mode selected!


Circuit: * ============================================================

Doing analysis at TEMP = 27.000000 and TNOM = 27.000000

Using SPARSE 1.3 as Direct Linear Solver

Initial Transient Solution
--------------------------

Node                                   Voltage
----                                   -------
vdd                                       1.98
vss                                          0
select                                       0
i0                                           0
i1                                           0
out                                 1.0664e-08
vi1#branch                         6.00574e-12
vi0#branch                         9.96797e-12
vsel#branch                                  0
vss#branch                         2.10679e-12
vdd#branch                        -1.80805e-11

 Reference value :  0.00000e+00 Reference value :  8.08280e-10 Reference value :  2.03050e-09 Reference value :  3.50450e-09 Reference value :  5.02550e-09 Reference value :  6.02150e-09 Reference value :  7.50550e-09 Reference value :  9.01250e-09 Reference value :  1.06295e-08 Reference value :  1.21745e-08 Reference value :  1.37315e-08 Reference value :  1.54005e-08 Reference value :  1.67245e-08 Reference value :  1.81035e-08 Reference value :  1.96575e-08
No. of Data Rows : 20032
voh                 =  1.980493e+00 at=  6.020700e-09
vol                 =  1.066404e-08 at=  1.000000e-09
tpd_rise            =  6.381218e-11 targ=  1.073812e-09 trig=  1.010000e-09
tpd_fall            =  6.279637e-11 targ=  6.092796e-09 trig=  6.030000e-09
rise_time           =  1.920760e-10 targ=  1.210927e-09 trig=  1.018851e-09
"/home/anusri/AI_Assisted_MixedSignalPhysicalDesign_Internship_GITHUB/task5/pvt_characterization/results/tt_vdd1.98_temp+27_sel0.raw": No such file or directory
fall_time           =  1.328248e-10 targ=  6.173755e-09 trig=  6.040930e-09
ngspice-45.2 done
