OpenROAD 41a51eaf4ca2171c92ff38afb91eb37bbd3f36da 
This program is licensed under the BSD-3 license. See the LICENSE file for details.
Components of this program may be licensed under more restrictive licenses which must be honored.
[INFO]: Reading ODB at '/openlane/designs/task4_iteration3_clean/runs/RUN_2026.08.15_03.07.15/tmp/routing/17-fill.odb'…
define_corners Typical
read_liberty -corner Typical /tmp/pdk/sky130A/libs.ref/sky130_fd_sc_hd/lib/sky130_fd_sc_hd__tt_025C_1v80.lib
read_liberty -corner Typical /openlane/designs/task4_iteration3_clean/macro/AMUX2_3V.lib
Using 1e-12 for capacitance...
Using 1e+03 for resistance...
Using 1e-09 for time...
Using 1e+00 for voltage...
Using 1e-03 for current...
Using 1e-09 for power...
Using 1e-06 for distance...
Reading design constraints file at '/openlane/designs/task4_iteration3_clean/runs/RUN_2026.08.15_03.07.15/results/cts/design_mux.sdc'…
[INFO ORD-0030] Using 2 thread(s).
[INFO DRT-0149] Reading tech and libs.

Units:                1000
Number of layers:     13
Number of macros:     442
Number of vias:       25
Number of viarulegen: 25

[INFO DRT-0150] Reading design.

Design:                   design_mux
Die area:                 ( 0 0 ) ( 200000 200000 )
Number of track patterns: 12
Number of DEF vias:       0
Number of components:     3552
Number of terminals:      49
Number of snets:          2
Number of nets:           340

[INFO DRT-0167] List of default vias:
  Layer mcon
    default via: L1M1_PR
  Layer via
    default via: M1M2_PR
  Layer via2
    default via: M2M3_PR
  Layer via3
    default via: M3M4_PR
  Layer via4
    default via: M4M5_PR
[INFO DRT-0162] Library cell analysis.
[INFO DRT-0163] Instance analysis.
[INFO DRT-0164] Number of unique instances = 110.
[INFO DRT-0168] Init region query.
[INFO DRT-0024]   Complete FR_MASTERSLICE.
[INFO DRT-0024]   Complete licon.
[INFO DRT-0024]   Complete li1.
[INFO DRT-0024]   Complete mcon.
[INFO DRT-0024]   Complete met1.
[INFO DRT-0024]   Complete via.
[INFO DRT-0024]   Complete met2.
[INFO DRT-0024]   Complete via2.
[INFO DRT-0024]   Complete met3.
[INFO DRT-0024]   Complete via3.
[INFO DRT-0024]   Complete met4.
[INFO DRT-0024]   Complete via4.
[INFO DRT-0024]   Complete met5.
[INFO DRT-0033] FR_MASTERSLICE shape region query size = 0.
[INFO DRT-0033] licon shape region query size = 0.
[INFO DRT-0033] li1 shape region query size = 25867.
[INFO DRT-0033] mcon shape region query size = 37868.
[INFO DRT-0033] met1 shape region query size = 9296.
[INFO DRT-0033] via shape region query size = 5619.
[INFO DRT-0033] met2 shape region query size = 3414.
[INFO DRT-0033] via2 shape region query size = 4491.
[INFO DRT-0033] met3 shape region query size = 3401.
[INFO DRT-0033] via3 shape region query size = 4490.
[INFO DRT-0033] met4 shape region query size = 1263.
[INFO DRT-0033] via4 shape region query size = 70.
[INFO DRT-0033] met5 shape region query size = 78.
[INFO DRT-0165] Start pin access.
[INFO DRT-0076]   Complete 100 pins.
[INFO DRT-0076]   Complete 200 pins.
[INFO DRT-0076]   Complete 300 pins.
[WARNING DRT-6000] Macro pin has more than 1 polygon
[WARNING DRT-6000] Macro pin has more than 1 polygon
[WARNING DRT-6000] Macro pin has more than 1 polygon
[WARNING DRT-6000] Macro pin has more than 1 polygon
[WARNING DRT-6000] Macro pin has more than 1 polygon
[WARNING DRT-6000] Macro pin has more than 1 polygon
[WARNING DRT-6000] Macro pin has more than 1 polygon
[WARNING DRT-6000] Macro pin has more than 1 polygon
[WARNING DRT-6000] Macro pin has more than 1 polygon
[WARNING DRT-6000] Macro pin has more than 1 polygon
[WARNING DRT-6000] Macro pin has more than 1 polygon
[WARNING DRT-6000] Macro pin has more than 1 polygon
[WARNING DRT-6000] Macro pin has more than 1 polygon
[WARNING DRT-6000] Macro pin has more than 1 polygon
[WARNING DRT-6000] Macro pin has more than 1 polygon
[WARNING DRT-6000] Macro pin has more than 1 polygon
[WARNING DRT-6000] Macro pin has more than 1 polygon
[WARNING DRT-6000] Macro pin has more than 1 polygon
[WARNING DRT-6000] Macro pin has more than 1 polygon
[WARNING DRT-6000] Macro pin has more than 1 polygon
[WARNING DRT-6000] Macro pin has more than 1 polygon
[WARNING DRT-6000] Macro pin has more than 1 polygon
[WARNING DRT-6000] Macro pin has more than 1 polygon
[WARNING DRT-6000] Macro pin has more than 1 polygon
[WARNING DRT-6000] Macro pin has more than 1 polygon
[WARNING DRT-6000] Macro pin has more than 1 polygon
[WARNING DRT-6000] Macro pin has more than 1 polygon
[WARNING DRT-6000] Macro pin has more than 1 polygon
[WARNING DRT-6000] Macro pin has more than 1 polygon
[WARNING DRT-6000] Macro pin has more than 1 polygon
[WARNING DRT-6000] Macro pin has more than 1 polygon
[WARNING DRT-6000] Macro pin has more than 1 polygon
[WARNING DRT-6000] Macro pin has more than 1 polygon
[WARNING DRT-6000] Macro pin has more than 1 polygon
[WARNING DRT-6000] Macro pin has more than 1 polygon
[WARNING DRT-6000] Macro pin has more than 1 polygon
[WARNING DRT-6000] Macro pin has more than 1 polygon
[WARNING DRT-6000] Macro pin has more than 1 polygon
[WARNING DRT-6000] Macro pin has more than 1 polygon
[WARNING DRT-6000] Macro pin has more than 1 polygon
[WARNING DRT-6000] Macro pin has more than 1 polygon
[WARNING DRT-6000] Macro pin has more than 1 polygon
[WARNING DRT-6000] Macro pin has more than 1 polygon
[WARNING DRT-6000] Macro pin has more than 1 polygon
[WARNING DRT-6000] Macro pin has more than 1 polygon
[WARNING DRT-6000] Macro pin has more than 1 polygon
[WARNING DRT-6000] Macro pin has more than 1 polygon
[WARNING DRT-6000] Macro pin has more than 1 polygon
[WARNING DRT-6000] Macro pin has more than 1 polygon
[WARNING DRT-6000] Macro pin has more than 1 polygon
[WARNING DRT-6000] Macro pin has more than 1 polygon
[WARNING DRT-6000] Macro pin has more than 1 polygon
[WARNING DRT-6000] Macro pin has more than 1 polygon
[WARNING DRT-6000] Macro pin has more than 1 polygon
[WARNING DRT-6000] Macro pin has more than 1 polygon
[WARNING DRT-6000] Macro pin has more than 1 polygon
[WARNING DRT-6000] Macro pin has more than 1 polygon
[WARNING DRT-6000] Macro pin has more than 1 polygon
[WARNING DRT-6000] Macro pin has more than 1 polygon
[WARNING DRT-6000] Macro pin has more than 1 polygon
[WARNING DRT-6000] Macro pin has more than 1 polygon
[WARNING DRT-6000] Macro pin has more than 1 polygon
[WARNING DRT-6000] Macro pin has more than 1 polygon
[WARNING DRT-6000] Macro pin has more than 1 polygon
[WARNING DRT-6000] Macro pin has more than 1 polygon
[WARNING DRT-6000] Macro pin has more than 1 polygon
[WARNING DRT-6000] Macro pin has more than 1 polygon
[WARNING DRT-6000] Macro pin has more than 1 polygon
[INFO DRT-0078]   Complete 341 pins.
[INFO DRT-0081]   Complete 91 unique inst patterns.
[INFO DRT-0084]   Complete 211 groups.
#scanned instances     = 3552
#unique  instances     = 110
#stdCellGenAp          = 2514
#stdCellValidPlanarAp  = 38
#stdCellValidViaAp     = 1941
#stdCellPinNoAp        = 0
#stdCellPinCnt         = 1015
#instTermValidViaApCnt = 0
#macroGenAp            = 64
#macroValidPlanarAp    = 60
#macroValidViaAp       = 42
#macroNoAp             = 0
[INFO DRT-0166] Complete pin access.
[INFO DRT-0267] cpu time = 00:00:17, elapsed time = 00:00:08, memory = 125.46 (MB), peak = 124.98 (MB)

Number of guides:     2295

[INFO DRT-0169] Post process guides.
[INFO DRT-0176] GCELLGRID X 0 DO 28 STEP 6900 ;
[INFO DRT-0177] GCELLGRID Y 0 DO 28 STEP 6900 ;
[INFO DRT-0028]   Complete FR_MASTERSLICE.
[INFO DRT-0028]   Complete licon.
[INFO DRT-0028]   Complete li1.
[INFO DRT-0028]   Complete mcon.
[INFO DRT-0028]   Complete met1.
[INFO DRT-0028]   Complete via.
[INFO DRT-0028]   Complete met2.
[INFO DRT-0028]   Complete via2.
[INFO DRT-0028]   Complete met3.
[INFO DRT-0028]   Complete via3.
[INFO DRT-0028]   Complete met4.
[INFO DRT-0028]   Complete via4.
[INFO DRT-0028]   Complete met5.
[INFO DRT-0178] Init guide query.
[INFO DRT-0035]   Complete FR_MASTERSLICE (guide).
[INFO DRT-0035]   Complete licon (guide).
[INFO DRT-0035]   Complete li1 (guide).
[INFO DRT-0035]   Complete mcon (guide).
[INFO DRT-0035]   Complete met1 (guide).
[INFO DRT-0035]   Complete via (guide).
[INFO DRT-0035]   Complete met2 (guide).
[INFO DRT-0035]   Complete via2 (guide).
[INFO DRT-0035]   Complete met3 (guide).
[INFO DRT-0035]   Complete via3 (guide).
[INFO DRT-0035]   Complete met4 (guide).
[INFO DRT-0035]   Complete via4 (guide).
[INFO DRT-0035]   Complete met5 (guide).
[INFO DRT-0036] FR_MASTERSLICE guide region query size = 0.
[INFO DRT-0036] licon guide region query size = 0.
[INFO DRT-0036] li1 guide region query size = 751.
[INFO DRT-0036] mcon guide region query size = 0.
[INFO DRT-0036] met1 guide region query size = 575.
[INFO DRT-0036] via guide region query size = 0.
[INFO DRT-0036] met2 guide region query size = 318.
[INFO DRT-0036] via2 guide region query size = 0.
[INFO DRT-0036] met3 guide region query size = 42.
[INFO DRT-0036] via3 guide region query size = 0.
[INFO DRT-0036] met4 guide region query size = 8.
[INFO DRT-0036] via4 guide region query size = 0.
[INFO DRT-0036] met5 guide region query size = 0.
[INFO DRT-0179] Init gr pin query.
[INFO DRT-0245] skipped writing guide updates to database.
[INFO DRT-0185] Post process initialize RPin region query.
[INFO DRT-0181] Start track assignment.
[INFO DRT-0184] Done with 1077 vertical wires in 1 frboxes and 617 horizontal wires in 1 frboxes.
[INFO DRT-0186] Done with 129 vertical wires in 1 frboxes and 152 horizontal wires in 1 frboxes.
[INFO DRT-0182] Complete track assignment.
[INFO DRT-0267] cpu time = 00:00:00, elapsed time = 00:00:00, memory = 138.11 (MB), peak = 150.54 (MB)
[INFO DRT-0187] Start routing data preparation.
[INFO DRT-0267] cpu time = 00:00:00, elapsed time = 00:00:00, memory = 138.11 (MB), peak = 150.54 (MB)
[INFO DRT-0194] Start detail routing.
[INFO DRT-0195] Start 0th optimization iteration.
    Completing 10% with 0 violations.
    elapsed time = 00:00:00, memory = 154.50 (MB).
    Completing 20% with 0 violations.
    elapsed time = 00:00:00, memory = 172.84 (MB).
    Completing 30% with 5 violations.
    elapsed time = 00:00:00, memory = 173.10 (MB).
    Completing 40% with 5 violations.
    elapsed time = 00:00:00, memory = 189.82 (MB).
    Completing 50% with 5 violations.
    elapsed time = 00:00:01, memory = 186.56 (MB).
    Completing 60% with 29 violations.
    elapsed time = 00:00:01, memory = 172.82 (MB).
    Completing 70% with 29 violations.
    elapsed time = 00:00:03, memory = 193.14 (MB).
    Completing 80% with 50 violations.
    elapsed time = 00:00:03, memory = 182.99 (MB).
    Completing 90% with 50 violations.
    elapsed time = 00:00:03, memory = 209.86 (MB).
    Completing 100% with 88 violations.
    elapsed time = 00:00:05, memory = 182.40 (MB).
[INFO DRT-0199]   Number of violations = 106.
Viol/Layer         li1   met1   met2
Metal Spacing        1     20      3
Recheck              0     12      6
Short                0     61      3
[INFO DRT-0267] cpu time = 00:00:06, elapsed time = 00:00:05, memory = 501.81 (MB), peak = 501.30 (MB)
Total wire length = 8557 um.
Total wire length on LAYER li1 = 0 um.
Total wire length on LAYER met1 = 4265 um.
Total wire length on LAYER met2 = 3763 um.
Total wire length on LAYER met3 = 416 um.
Total wire length on LAYER met4 = 112 um.
Total wire length on LAYER met5 = 0 um.
Total number of vias = 1993.
Up-via summary (total 1993):.

-----------------------
 FR_MASTERSLICE       0
            li1     967
           met1     981
           met2      37
           met3       8
           met4       0
-----------------------
                   1993


[INFO DRT-0195] Start 1st optimization iteration.
    Completing 10% with 106 violations.
    elapsed time = 00:00:00, memory = 501.83 (MB).
    Completing 20% with 106 violations.
    elapsed time = 00:00:00, memory = 512.15 (MB).
    Completing 30% with 106 violations.
    elapsed time = 00:00:00, memory = 515.25 (MB).
    Completing 40% with 106 violations.
    elapsed time = 00:00:00, memory = 499.55 (MB).
    Completing 50% with 106 violations.
    elapsed time = 00:00:00, memory = 516.82 (MB).
    Completing 60% with 106 violations.
    elapsed time = 00:00:00, memory = 516.82 (MB).
    Completing 70% with 107 violations.
    elapsed time = 00:00:00, memory = 504.41 (MB).
    Completing 80% with 107 violations.
    elapsed time = 00:00:00, memory = 515.93 (MB).
    Completing 90% with 76 violations.
    elapsed time = 00:00:03, memory = 509.07 (MB).
    Completing 100% with 51 violations.
    elapsed time = 00:00:05, memory = 180.59 (MB).
[INFO DRT-0199]   Number of violations = 51.
Viol/Layer        met1   met2
Metal Spacing       11      5
Short               35      0
[INFO DRT-0267] cpu time = 00:00:07, elapsed time = 00:00:05, memory = 180.59 (MB), peak = 546.90 (MB)
Total wire length = 8521 um.
Total wire length on LAYER li1 = 0 um.
Total wire length on LAYER met1 = 4224 um.
Total wire length on LAYER met2 = 3755 um.
Total wire length on LAYER met3 = 426 um.
Total wire length on LAYER met4 = 114 um.
Total wire length on LAYER met5 = 0 um.
Total number of vias = 2028.
Up-via summary (total 2028):.

-----------------------
 FR_MASTERSLICE       0
            li1     967
           met1    1015
           met2      40
           met3       6
           met4       0
-----------------------
                   2028


[INFO DRT-0195] Start 2nd optimization iteration.
    Completing 10% with 51 violations.
    elapsed time = 00:00:00, memory = 180.59 (MB).
    Completing 20% with 51 violations.
    elapsed time = 00:00:00, memory = 180.59 (MB).
    Completing 30% with 51 violations.
    elapsed time = 00:00:00, memory = 180.59 (MB).
    Completing 40% with 59 violations.
    elapsed time = 00:00:01, memory = 166.95 (MB).
    Completing 50% with 59 violations.
    elapsed time = 00:00:01, memory = 166.95 (MB).
    Completing 60% with 59 violations.
    elapsed time = 00:00:01, memory = 187.91 (MB).
    Completing 70% with 61 violations.
    elapsed time = 00:00:01, memory = 187.91 (MB).
    Completing 80% with 61 violations.
    elapsed time = 00:00:01, memory = 187.91 (MB).
    Completing 90% with 44 violations.
    elapsed time = 00:00:03, memory = 167.01 (MB).
    Completing 100% with 44 violations.
    elapsed time = 00:00:03, memory = 167.01 (MB).
[INFO DRT-0199]   Number of violations = 44.
Viol/Layer        met1   met2
Metal Spacing       14      0
Short               29      1
[INFO DRT-0267] cpu time = 00:00:04, elapsed time = 00:00:04, memory = 167.02 (MB), peak = 546.90 (MB)
Total wire length = 8510 um.
Total wire length on LAYER li1 = 0 um.
Total wire length on LAYER met1 = 4226 um.
Total wire length on LAYER met2 = 3758 um.
Total wire length on LAYER met3 = 435 um.
Total wire length on LAYER met4 = 89 um.
Total wire length on LAYER met5 = 0 um.
Total number of vias = 2001.
Up-via summary (total 2001):.

-----------------------
 FR_MASTERSLICE       0
            li1     967
           met1     990
           met2      40
           met3       4
           met4       0
-----------------------
                   2001


[INFO DRT-0195] Start 3rd optimization iteration.
    Completing 10% with 44 violations.
    elapsed time = 00:00:00, memory = 167.02 (MB).
    Completing 20% with 44 violations.
    elapsed time = 00:00:00, memory = 167.02 (MB).
    Completing 30% with 44 violations.
    elapsed time = 00:00:00, memory = 167.02 (MB).
    Completing 40% with 44 violations.
    elapsed time = 00:00:00, memory = 167.02 (MB).
    Completing 50% with 44 violations.
    elapsed time = 00:00:00, memory = 201.16 (MB).
    Completing 60% with 38 violations.
    elapsed time = 00:00:00, memory = 166.70 (MB).
    Completing 70% with 38 violations.
    elapsed time = 00:00:01, memory = 208.83 (MB).
    Completing 80% with 24 violations.
    elapsed time = 00:00:01, memory = 167.01 (MB).
    Completing 90% with 24 violations.
    elapsed time = 00:00:01, memory = 167.01 (MB).
    Completing 100% with 0 violations.
    elapsed time = 00:00:03, memory = 180.91 (MB).
[INFO DRT-0199]   Number of violations = 0.
[INFO DRT-0267] cpu time = 00:00:03, elapsed time = 00:00:03, memory = 167.01 (MB), peak = 546.90 (MB)
Total wire length = 8490 um.
Total wire length on LAYER li1 = 0 um.
Total wire length on LAYER met1 = 4109 um.
Total wire length on LAYER met2 = 3774 um.
Total wire length on LAYER met3 = 517 um.
Total wire length on LAYER met4 = 89 um.
Total wire length on LAYER met5 = 0 um.
Total number of vias = 2019.
Up-via summary (total 2019):.

-----------------------
 FR_MASTERSLICE       0
            li1     967
           met1    1000
           met2      48
           met3       4
           met4       0
-----------------------
                   2019


[INFO DRT-0198] Complete detail routing.
Total wire length = 8490 um.
Total wire length on LAYER li1 = 0 um.
Total wire length on LAYER met1 = 4109 um.
Total wire length on LAYER met2 = 3774 um.
Total wire length on LAYER met3 = 517 um.
Total wire length on LAYER met4 = 89 um.
Total wire length on LAYER met5 = 0 um.
Total number of vias = 2019.
Up-via summary (total 2019):.

-----------------------
 FR_MASTERSLICE       0
            li1     967
           met1    1000
           met2      48
           met3       4
           met4       0
-----------------------
                   2019


[INFO DRT-0267] cpu time = 00:00:21, elapsed time = 00:00:19, memory = 167.01 (MB), peak = 546.90 (MB)

[INFO DRT-0180] Post processing.
Setting global connections for newly added cells…
Writing OpenROAD database to '/openlane/designs/task4_iteration3_clean/runs/RUN_2026.08.15_03.07.15/results/routing/design_mux.odb'…
Writing netlist to '/openlane/designs/task4_iteration3_clean/runs/RUN_2026.08.15_03.07.15/results/routing/design_mux.nl.v'…
Writing powered netlist to '/openlane/designs/task4_iteration3_clean/runs/RUN_2026.08.15_03.07.15/results/routing/design_mux.pnl.v'…
Writing layout to '/openlane/designs/task4_iteration3_clean/runs/RUN_2026.08.15_03.07.15/results/routing/design_mux.def'…
