Netgen 1.5.255 compiled on Wed Jul 12 10:06:14 UTC 2023
Warning: netgen command 'format' use fully-qualified name '::netgen::format'
Warning: netgen command 'global' use fully-qualified name '::netgen::global'
Generating JSON file result
Reading netlist file /openlane/designs/task4_iteration3_clean/runs/RUN_2026.08.15_03.07.15/results/signoff/design_mux.spice
Reading netlist file /openlane/designs/task4_iteration3_clean/runs/RUN_2026.08.15_03.07.15/tmp/signoff/31-design_mux.pnl.v
Warning:  A case-insensitive file has been read and so the	verilog file must be treated case-insensitive to match.
Creating placeholder cell definition for module sky130_fd_sc_hd__decap_3.
Creating placeholder cell definition for module sky130_ef_sc_hd__decap_12.
Creating placeholder cell definition for module sky130_fd_sc_hd__fill_1.
Creating placeholder cell definition for module sky130_fd_sc_hd__fill_2.
Creating placeholder cell definition for module sky130_fd_sc_hd__decap_6.
Creating placeholder cell definition for module sky130_fd_sc_hd__decap_4.
Creating placeholder cell definition for module sky130_fd_sc_hd__decap_8.
Creating placeholder cell definition for module sky130_fd_sc_hd__tapvpwrvgnd_1.
Creating placeholder cell definition for module sky130_fd_sc_hd__buf_1.
Creating placeholder cell definition for module sky130_fd_sc_hd__and2b_2.
Creating placeholder cell definition for module sky130_fd_sc_hd__a211o_2.
Creating placeholder cell definition for module sky130_fd_sc_hd__nor3_2.
Creating placeholder cell definition for module sky130_fd_sc_hd__mux2_2.
Creating placeholder cell definition for module sky130_fd_sc_hd__inv_2.
Creating placeholder cell definition for module sky130_fd_sc_hd__and4_2.
Creating placeholder cell definition for module sky130_fd_sc_hd__nand2_2.
Creating placeholder cell definition for module sky130_fd_sc_hd__nor2_2.
Creating placeholder cell definition for module sky130_fd_sc_hd__and3_2.
Creating placeholder cell definition for module sky130_fd_sc_hd__and2_2.
Creating placeholder cell definition for module sky130_fd_sc_hd__or2_2.
Creating placeholder cell definition for module sky130_fd_sc_hd__o31a_2.
Creating placeholder cell definition for module sky130_fd_sc_hd__xnor2_2.
Creating placeholder cell definition for module sky130_fd_sc_hd__or4_2.
Creating placeholder cell definition for module sky130_fd_sc_hd__or3b_2.
Creating placeholder cell definition for module sky130_fd_sc_hd__a31o_2.
Creating placeholder cell definition for module sky130_fd_sc_hd__o221a_2.
Creating placeholder cell definition for module sky130_fd_sc_hd__a21o_2.
Creating placeholder cell definition for module sky130_fd_sc_hd__xor2_2.
Creating placeholder cell definition for module sky130_fd_sc_hd__o22a_2.
Creating placeholder cell definition for module sky130_fd_sc_hd__a22o_2.
Creating placeholder cell definition for module sky130_fd_sc_hd__a21oi_2.
Creating placeholder cell definition for module sky130_fd_sc_hd__o211a_2.
Creating placeholder cell definition for module sky130_fd_sc_hd__a221o_2.
Creating placeholder cell definition for module sky130_fd_sc_hd__o21a_2.
Creating placeholder cell definition for module sky130_fd_sc_hd__or2b_2.
Creating placeholder cell definition for module sky130_fd_sc_hd__a311oi_2.
Creating placeholder cell definition for module sky130_fd_sc_hd__o21ba_2.
Creating placeholder cell definition for module sky130_fd_sc_hd__a2bb2o_2.
Creating placeholder cell definition for module sky130_fd_sc_hd__o32a_2.
Creating placeholder cell definition for module sky130_fd_sc_hd__o22ai_2.
Creating placeholder cell definition for module sky130_fd_sc_hd__dfstp_2.
Creating placeholder cell definition for module sky130_fd_sc_hd__dfrtp_2.
Creating placeholder cell definition for module sky130_fd_sc_hd__conb_1.
Note:  Implicit pin HI in instance _554_ of sky130_fd_sc_hd__conb_1 in cell design_mux
Note:  Implicit pin LO in instance _547_ of sky130_fd_sc_hd__conb_1 in cell design_mux
Note:  Implicit pin LO in instance _548_ of sky130_fd_sc_hd__conb_1 in cell design_mux
Note:  Implicit pin LO in instance _549_ of sky130_fd_sc_hd__conb_1 in cell design_mux
Note:  Implicit pin LO in instance _550_ of sky130_fd_sc_hd__conb_1 in cell design_mux
Note:  Implicit pin LO in instance _551_ of sky130_fd_sc_hd__conb_1 in cell design_mux
Note:  Implicit pin LO in instance _552_ of sky130_fd_sc_hd__conb_1 in cell design_mux
Note:  Implicit pin LO in instance _553_ of sky130_fd_sc_hd__conb_1 in cell design_mux
Note:  Implicit pin HI in instance _555_ of sky130_fd_sc_hd__conb_1 in cell design_mux
Note:  Implicit pin HI in instance _556_ of sky130_fd_sc_hd__conb_1 in cell design_mux
Note:  Implicit pin HI in instance _557_ of sky130_fd_sc_hd__conb_1 in cell design_mux
Note:  Implicit pin HI in instance _558_ of sky130_fd_sc_hd__conb_1 in cell design_mux
Note:  Implicit pin HI in instance _559_ of sky130_fd_sc_hd__conb_1 in cell design_mux
Note:  Implicit pin HI in instance _560_ of sky130_fd_sc_hd__conb_1 in cell design_mux
Note:  Implicit pin HI in instance _561_ of sky130_fd_sc_hd__conb_1 in cell design_mux
Note:  Implicit pin HI in instance _562_ of sky130_fd_sc_hd__conb_1 in cell design_mux
Note:  Implicit pin HI in instance _563_ of sky130_fd_sc_hd__conb_1 in cell design_mux
Note:  Implicit pin HI in instance _564_ of sky130_fd_sc_hd__conb_1 in cell design_mux
Note:  Implicit pin HI in instance _565_ of sky130_fd_sc_hd__conb_1 in cell design_mux
Note:  Implicit pin HI in instance _566_ of sky130_fd_sc_hd__conb_1 in cell design_mux
Note:  Implicit pin HI in instance _567_ of sky130_fd_sc_hd__conb_1 in cell design_mux
Creating placeholder cell definition for module sky130_fd_sc_hd__buf_2.
Creating placeholder cell definition for module sky130_fd_sc_hd__clkbuf_16.
Creating placeholder cell definition for module AMUX2_3V.

Reading setup file /tmp/pdk/sky130A/libs.tech/netgen/sky130A_setup.tcl

Comparison output logged to file /openlane/designs/task4_iteration3_clean/runs/RUN_2026.08.15_03.07.15/logs/signoff/34-design_mux.lef.lvs.log
Logging to file "/openlane/designs/task4_iteration3_clean/runs/RUN_2026.08.15_03.07.15/logs/signoff/34-design_mux.lef.lvs.log" enabled

Contents of circuit 1:  Circuit: 'sky130_fd_sc_hd__tapvpwrvgnd_1'
Circuit sky130_fd_sc_hd__tapvpwrvgnd_1 contains 0 device instances.
Circuit contains 0 nets, and 2 disconnected pins.
Contents of circuit 2:  Circuit: 'sky130_fd_sc_hd__tapvpwrvgnd_1'
Circuit sky130_fd_sc_hd__tapvpwrvgnd_1 contains 0 device instances.
Circuit contains 0 nets.

Circuit sky130_fd_sc_hd__tapvpwrvgnd_1 contains no devices.

Contents of circuit 1:  Circuit: 'sky130_ef_sc_hd__decap_12'
Circuit sky130_ef_sc_hd__decap_12 contains 0 device instances.
Circuit contains 0 nets, and 4 disconnected pins.
Contents of circuit 2:  Circuit: 'sky130_ef_sc_hd__decap_12'
Circuit sky130_ef_sc_hd__decap_12 contains 0 device instances.
Circuit contains 0 nets.

Circuit sky130_ef_sc_hd__decap_12 contains no devices.

Contents of circuit 1:  Circuit: 'sky130_fd_sc_hd__fill_1'
Circuit sky130_fd_sc_hd__fill_1 contains 0 device instances.
Circuit contains 0 nets, and 4 disconnected pins.
Contents of circuit 2:  Circuit: 'sky130_fd_sc_hd__fill_1'
Circuit sky130_fd_sc_hd__fill_1 contains 0 device instances.
Circuit contains 0 nets.

Circuit sky130_fd_sc_hd__fill_1 contains no devices.

Contents of circuit 1:  Circuit: 'sky130_fd_sc_hd__dfrtp_2'
Circuit sky130_fd_sc_hd__dfrtp_2 contains 0 device instances.
Circuit contains 0 nets, and 8 disconnected pins.
Contents of circuit 2:  Circuit: 'sky130_fd_sc_hd__dfrtp_2'
Circuit sky130_fd_sc_hd__dfrtp_2 contains 0 device instances.
Circuit contains 0 nets.

Circuit sky130_fd_sc_hd__dfrtp_2 contains no devices.

Contents of circuit 1:  Circuit: 'sky130_fd_sc_hd__mux2_2'
Circuit sky130_fd_sc_hd__mux2_2 contains 0 device instances.
Circuit contains 0 nets, and 8 disconnected pins.
Contents of circuit 2:  Circuit: 'sky130_fd_sc_hd__mux2_2'
Circuit sky130_fd_sc_hd__mux2_2 contains 0 device instances.
Circuit contains 0 nets.

Circuit sky130_fd_sc_hd__mux2_2 contains no devices.

Contents of circuit 1:  Circuit: 'sky130_fd_sc_hd__decap_3'
Circuit sky130_fd_sc_hd__decap_3 contains 0 device instances.
Circuit contains 0 nets, and 4 disconnected pins.
Contents of circuit 2:  Circuit: 'sky130_fd_sc_hd__decap_3'
Circuit sky130_fd_sc_hd__decap_3 contains 0 device instances.
Circuit contains 0 nets.

Circuit sky130_fd_sc_hd__decap_3 contains no devices.

Contents of circuit 1:  Circuit: 'sky130_fd_sc_hd__nor2_2'
Circuit sky130_fd_sc_hd__nor2_2 contains 0 device instances.
Circuit contains 0 nets, and 7 disconnected pins.
Contents of circuit 2:  Circuit: 'sky130_fd_sc_hd__nor2_2'
Circuit sky130_fd_sc_hd__nor2_2 contains 0 device instances.
Circuit contains 0 nets.

Circuit sky130_fd_sc_hd__nor2_2 contains no devices.

Contents of circuit 1:  Circuit: 'sky130_fd_sc_hd__decap_6'
Circuit sky130_fd_sc_hd__decap_6 contains 0 device instances.
Circuit contains 0 nets, and 4 disconnected pins.
Contents of circuit 2:  Circuit: 'sky130_fd_sc_hd__decap_6'
Circuit sky130_fd_sc_hd__decap_6 contains 0 device instances.
Circuit contains 0 nets.

Circuit sky130_fd_sc_hd__decap_6 contains no devices.

Contents of circuit 1:  Circuit: 'sky130_fd_sc_hd__buf_1'
Circuit sky130_fd_sc_hd__buf_1 contains 0 device instances.
Circuit contains 0 nets, and 6 disconnected pins.
Contents of circuit 2:  Circuit: 'sky130_fd_sc_hd__buf_1'
Circuit sky130_fd_sc_hd__buf_1 contains 0 device instances.
Circuit contains 0 nets.

Circuit sky130_fd_sc_hd__buf_1 contains no devices.

Contents of circuit 1:  Circuit: 'sky130_fd_sc_hd__fill_2'
Circuit sky130_fd_sc_hd__fill_2 contains 0 device instances.
Circuit contains 0 nets, and 4 disconnected pins.
Contents of circuit 2:  Circuit: 'sky130_fd_sc_hd__fill_2'
Circuit sky130_fd_sc_hd__fill_2 contains 0 device instances.
Circuit contains 0 nets.

Circuit sky130_fd_sc_hd__fill_2 contains no devices.

Contents of circuit 1:  Circuit: 'sky130_fd_sc_hd__a22o_2'
Circuit sky130_fd_sc_hd__a22o_2 contains 0 device instances.
Circuit contains 0 nets, and 9 disconnected pins.
Contents of circuit 2:  Circuit: 'sky130_fd_sc_hd__a22o_2'
Circuit sky130_fd_sc_hd__a22o_2 contains 0 device instances.
Circuit contains 0 nets.

Circuit sky130_fd_sc_hd__a22o_2 contains no devices.

Contents of circuit 1:  Circuit: 'sky130_fd_sc_hd__decap_4'
Circuit sky130_fd_sc_hd__decap_4 contains 0 device instances.
Circuit contains 0 nets, and 4 disconnected pins.
Contents of circuit 2:  Circuit: 'sky130_fd_sc_hd__decap_4'
Circuit sky130_fd_sc_hd__decap_4 contains 0 device instances.
Circuit contains 0 nets.

Circuit sky130_fd_sc_hd__decap_4 contains no devices.

Contents of circuit 1:  Circuit: 'sky130_fd_sc_hd__decap_8'
Circuit sky130_fd_sc_hd__decap_8 contains 0 device instances.
Circuit contains 0 nets, and 4 disconnected pins.
Contents of circuit 2:  Circuit: 'sky130_fd_sc_hd__decap_8'
Circuit sky130_fd_sc_hd__decap_8 contains 0 device instances.
Circuit contains 0 nets.

Circuit sky130_fd_sc_hd__decap_8 contains no devices.

Contents of circuit 1:  Circuit: 'sky130_fd_sc_hd__dfstp_2'
Circuit sky130_fd_sc_hd__dfstp_2 contains 0 device instances.
Circuit contains 0 nets, and 8 disconnected pins.
Contents of circuit 2:  Circuit: 'sky130_fd_sc_hd__dfstp_2'
Circuit sky130_fd_sc_hd__dfstp_2 contains 0 device instances.
Circuit contains 0 nets.

Circuit sky130_fd_sc_hd__dfstp_2 contains no devices.

Contents of circuit 1:  Circuit: 'sky130_fd_sc_hd__inv_2'
Circuit sky130_fd_sc_hd__inv_2 contains 0 device instances.
Circuit contains 0 nets, and 6 disconnected pins.
Contents of circuit 2:  Circuit: 'sky130_fd_sc_hd__inv_2'
Circuit sky130_fd_sc_hd__inv_2 contains 0 device instances.
Circuit contains 0 nets.

Circuit sky130_fd_sc_hd__inv_2 contains no devices.

Contents of circuit 1:  Circuit: 'sky130_fd_sc_hd__or2_2'
Circuit sky130_fd_sc_hd__or2_2 contains 0 device instances.
Circuit contains 0 nets, and 7 disconnected pins.
Contents of circuit 2:  Circuit: 'sky130_fd_sc_hd__or2_2'
Circuit sky130_fd_sc_hd__or2_2 contains 0 device instances.
Circuit contains 0 nets.

Circuit sky130_fd_sc_hd__or2_2 contains no devices.

Contents of circuit 1:  Circuit: 'sky130_fd_sc_hd__conb_1'
Circuit sky130_fd_sc_hd__conb_1 contains 0 device instances.
Circuit contains 0 nets, and 6 disconnected pins.
Contents of circuit 2:  Circuit: 'sky130_fd_sc_hd__conb_1'
Circuit sky130_fd_sc_hd__conb_1 contains 0 device instances.
Circuit contains 0 nets.

Circuit sky130_fd_sc_hd__conb_1 contains no devices.

Contents of circuit 1:  Circuit: 'sky130_fd_sc_hd__or3b_2'
Circuit sky130_fd_sc_hd__or3b_2 contains 0 device instances.
Circuit contains 0 nets, and 8 disconnected pins.
Contents of circuit 2:  Circuit: 'sky130_fd_sc_hd__or3b_2'
Circuit sky130_fd_sc_hd__or3b_2 contains 0 device instances.
Circuit contains 0 nets.

Circuit sky130_fd_sc_hd__or3b_2 contains no devices.

Contents of circuit 1:  Circuit: 'sky130_fd_sc_hd__a21o_2'
Circuit sky130_fd_sc_hd__a21o_2 contains 0 device instances.
Circuit contains 0 nets, and 8 disconnected pins.
Contents of circuit 2:  Circuit: 'sky130_fd_sc_hd__a21o_2'
Circuit sky130_fd_sc_hd__a21o_2 contains 0 device instances.
Circuit contains 0 nets.

Circuit sky130_fd_sc_hd__a21o_2 contains no devices.

Contents of circuit 1:  Circuit: 'sky130_fd_sc_hd__and2_2'
Circuit sky130_fd_sc_hd__and2_2 contains 0 device instances.
Circuit contains 0 nets, and 7 disconnected pins.
Contents of circuit 2:  Circuit: 'sky130_fd_sc_hd__and2_2'
Circuit sky130_fd_sc_hd__and2_2 contains 0 device instances.
Circuit contains 0 nets.

Circuit sky130_fd_sc_hd__and2_2 contains no devices.

Contents of circuit 1:  Circuit: 'sky130_fd_sc_hd__o211a_2'
Circuit sky130_fd_sc_hd__o211a_2 contains 0 device instances.
Circuit contains 0 nets, and 9 disconnected pins.
Contents of circuit 2:  Circuit: 'sky130_fd_sc_hd__o211a_2'
Circuit sky130_fd_sc_hd__o211a_2 contains 0 device instances.
Circuit contains 0 nets.

Circuit sky130_fd_sc_hd__o211a_2 contains no devices.

Contents of circuit 1:  Circuit: 'sky130_fd_sc_hd__o22a_2'
Circuit sky130_fd_sc_hd__o22a_2 contains 0 device instances.
Circuit contains 0 nets, and 9 disconnected pins.
Contents of circuit 2:  Circuit: 'sky130_fd_sc_hd__o22a_2'
Circuit sky130_fd_sc_hd__o22a_2 contains 0 device instances.
Circuit contains 0 nets.

Circuit sky130_fd_sc_hd__o22a_2 contains no devices.

Contents of circuit 1:  Circuit: 'sky130_fd_sc_hd__a31o_2'
Circuit sky130_fd_sc_hd__a31o_2 contains 0 device instances.
Circuit contains 0 nets, and 9 disconnected pins.
Contents of circuit 2:  Circuit: 'sky130_fd_sc_hd__a31o_2'
Circuit sky130_fd_sc_hd__a31o_2 contains 0 device instances.
Circuit contains 0 nets.

Circuit sky130_fd_sc_hd__a31o_2 contains no devices.

Contents of circuit 1:  Circuit: 'sky130_fd_sc_hd__a2bb2o_2'
Circuit sky130_fd_sc_hd__a2bb2o_2 contains 0 device instances.
Circuit contains 0 nets, and 9 disconnected pins.
Contents of circuit 2:  Circuit: 'sky130_fd_sc_hd__a2bb2o_2'
Circuit sky130_fd_sc_hd__a2bb2o_2 contains 0 device instances.
Circuit contains 0 nets.

Circuit sky130_fd_sc_hd__a2bb2o_2 contains no devices.

Contents of circuit 1:  Circuit: 'sky130_fd_sc_hd__and2b_2'
Circuit sky130_fd_sc_hd__and2b_2 contains 0 device instances.
Circuit contains 0 nets, and 7 disconnected pins.
Contents of circuit 2:  Circuit: 'sky130_fd_sc_hd__and2b_2'
Circuit sky130_fd_sc_hd__and2b_2 contains 0 device instances.
Circuit contains 0 nets.

Circuit sky130_fd_sc_hd__and2b_2 contains no devices.

Contents of circuit 1:  Circuit: 'sky130_fd_sc_hd__a21oi_2'
Circuit sky130_fd_sc_hd__a21oi_2 contains 0 device instances.
Circuit contains 0 nets, and 8 disconnected pins.
Contents of circuit 2:  Circuit: 'sky130_fd_sc_hd__a21oi_2'
Circuit sky130_fd_sc_hd__a21oi_2 contains 0 device instances.
Circuit contains 0 nets.

Circuit sky130_fd_sc_hd__a21oi_2 contains no devices.

Contents of circuit 1:  Circuit: 'sky130_fd_sc_hd__a211o_2'
Circuit sky130_fd_sc_hd__a211o_2 contains 0 device instances.
Circuit contains 0 nets, and 9 disconnected pins.
Contents of circuit 2:  Circuit: 'sky130_fd_sc_hd__a211o_2'
Circuit sky130_fd_sc_hd__a211o_2 contains 0 device instances.
Circuit contains 0 nets.

Circuit sky130_fd_sc_hd__a211o_2 contains no devices.

Contents of circuit 1:  Circuit: 'sky130_fd_sc_hd__xor2_2'
Circuit sky130_fd_sc_hd__xor2_2 contains 0 device instances.
Circuit contains 0 nets, and 7 disconnected pins.
Contents of circuit 2:  Circuit: 'sky130_fd_sc_hd__xor2_2'
Circuit sky130_fd_sc_hd__xor2_2 contains 0 device instances.
Circuit contains 0 nets.

Circuit sky130_fd_sc_hd__xor2_2 contains no devices.

Contents of circuit 1:  Circuit: 'sky130_fd_sc_hd__and3_2'
Circuit sky130_fd_sc_hd__and3_2 contains 0 device instances.
Circuit contains 0 nets, and 8 disconnected pins.
Contents of circuit 2:  Circuit: 'sky130_fd_sc_hd__and3_2'
Circuit sky130_fd_sc_hd__and3_2 contains 0 device instances.
Circuit contains 0 nets.

Circuit sky130_fd_sc_hd__and3_2 contains no devices.

Contents of circuit 1:  Circuit: 'sky130_fd_sc_hd__clkbuf_16'
Circuit sky130_fd_sc_hd__clkbuf_16 contains 0 device instances.
Circuit contains 0 nets, and 6 disconnected pins.
Contents of circuit 2:  Circuit: 'sky130_fd_sc_hd__clkbuf_16'
Circuit sky130_fd_sc_hd__clkbuf_16 contains 0 device instances.
Circuit contains 0 nets.

Circuit sky130_fd_sc_hd__clkbuf_16 contains no devices.

Contents of circuit 1:  Circuit: 'sky130_fd_sc_hd__nand2_2'
Circuit sky130_fd_sc_hd__nand2_2 contains 0 device instances.
Circuit contains 0 nets, and 7 disconnected pins.
Contents of circuit 2:  Circuit: 'sky130_fd_sc_hd__nand2_2'
Circuit sky130_fd_sc_hd__nand2_2 contains 0 device instances.
Circuit contains 0 nets.

Circuit sky130_fd_sc_hd__nand2_2 contains no devices.

Contents of circuit 1:  Circuit: 'sky130_fd_sc_hd__buf_2'
Circuit sky130_fd_sc_hd__buf_2 contains 0 device instances.
Circuit contains 0 nets, and 6 disconnected pins.
Contents of circuit 2:  Circuit: 'sky130_fd_sc_hd__buf_2'
Circuit sky130_fd_sc_hd__buf_2 contains 0 device instances.
Circuit contains 0 nets.

Circuit sky130_fd_sc_hd__buf_2 contains no devices.

Contents of circuit 1:  Circuit: 'sky130_fd_sc_hd__nor3_2'
Circuit sky130_fd_sc_hd__nor3_2 contains 0 device instances.
Circuit contains 0 nets, and 8 disconnected pins.
Contents of circuit 2:  Circuit: 'sky130_fd_sc_hd__nor3_2'
Circuit sky130_fd_sc_hd__nor3_2 contains 0 device instances.
Circuit contains 0 nets.

Circuit sky130_fd_sc_hd__nor3_2 contains no devices.

Contents of circuit 1:  Circuit: 'sky130_fd_sc_hd__o21a_2'
Circuit sky130_fd_sc_hd__o21a_2 contains 0 device instances.
Circuit contains 0 nets, and 8 disconnected pins.
Contents of circuit 2:  Circuit: 'sky130_fd_sc_hd__o21a_2'
Circuit sky130_fd_sc_hd__o21a_2 contains 0 device instances.
Circuit contains 0 nets.

Circuit sky130_fd_sc_hd__o21a_2 contains no devices.

Contents of circuit 1:  Circuit: 'sky130_fd_sc_hd__or4_2'
Circuit sky130_fd_sc_hd__or4_2 contains 0 device instances.
Circuit contains 0 nets, and 9 disconnected pins.
Contents of circuit 2:  Circuit: 'sky130_fd_sc_hd__or4_2'
Circuit sky130_fd_sc_hd__or4_2 contains 0 device instances.
Circuit contains 0 nets.

Circuit sky130_fd_sc_hd__or4_2 contains no devices.

Contents of circuit 1:  Circuit: 'sky130_fd_sc_hd__o22ai_2'
Circuit sky130_fd_sc_hd__o22ai_2 contains 0 device instances.
Circuit contains 0 nets, and 9 disconnected pins.
Contents of circuit 2:  Circuit: 'sky130_fd_sc_hd__o22ai_2'
Circuit sky130_fd_sc_hd__o22ai_2 contains 0 device instances.
Circuit contains 0 nets.

Circuit sky130_fd_sc_hd__o22ai_2 contains no devices.

Contents of circuit 1:  Circuit: 'sky130_fd_sc_hd__a221o_2'
Circuit sky130_fd_sc_hd__a221o_2 contains 0 device instances.
Circuit contains 0 nets, and 10 disconnected pins.
Contents of circuit 2:  Circuit: 'sky130_fd_sc_hd__a221o_2'
Circuit sky130_fd_sc_hd__a221o_2 contains 0 device instances.
Circuit contains 0 nets.

Circuit sky130_fd_sc_hd__a221o_2 contains no devices.

Contents of circuit 1:  Circuit: 'sky130_fd_sc_hd__or2b_2'
Circuit sky130_fd_sc_hd__or2b_2 contains 0 device instances.
Circuit contains 0 nets, and 7 disconnected pins.
Contents of circuit 2:  Circuit: 'sky130_fd_sc_hd__or2b_2'
Circuit sky130_fd_sc_hd__or2b_2 contains 0 device instances.
Circuit contains 0 nets.

Circuit sky130_fd_sc_hd__or2b_2 contains no devices.

Contents of circuit 1:  Circuit: 'AMUX2_3V'
Circuit AMUX2_3V contains 0 device instances.
Circuit contains 0 nets, and 6 disconnected pins.
Contents of circuit 2:  Circuit: 'AMUX2_3V'
Circuit AMUX2_3V contains 0 device instances.
Circuit contains 0 nets.

Circuit AMUX2_3V contains no devices.

Contents of circuit 1:  Circuit: 'sky130_fd_sc_hd__o21ba_2'
Circuit sky130_fd_sc_hd__o21ba_2 contains 0 device instances.
Circuit contains 0 nets, and 8 disconnected pins.
Contents of circuit 2:  Circuit: 'sky130_fd_sc_hd__o21ba_2'
Circuit sky130_fd_sc_hd__o21ba_2 contains 0 device instances.
Circuit contains 0 nets.

Circuit sky130_fd_sc_hd__o21ba_2 contains no devices.

Contents of circuit 1:  Circuit: 'sky130_fd_sc_hd__o32a_2'
Circuit sky130_fd_sc_hd__o32a_2 contains 0 device instances.
Circuit contains 0 nets, and 10 disconnected pins.
Contents of circuit 2:  Circuit: 'sky130_fd_sc_hd__o32a_2'
Circuit sky130_fd_sc_hd__o32a_2 contains 0 device instances.
Circuit contains 0 nets.

Circuit sky130_fd_sc_hd__o32a_2 contains no devices.

Contents of circuit 1:  Circuit: 'sky130_fd_sc_hd__a311oi_2'
Circuit sky130_fd_sc_hd__a311oi_2 contains 0 device instances.
Circuit contains 0 nets, and 10 disconnected pins.
Contents of circuit 2:  Circuit: 'sky130_fd_sc_hd__a311oi_2'
Circuit sky130_fd_sc_hd__a311oi_2 contains 0 device instances.
Circuit contains 0 nets.

Circuit sky130_fd_sc_hd__a311oi_2 contains no devices.

Contents of circuit 1:  Circuit: 'sky130_fd_sc_hd__and4_2'
Circuit sky130_fd_sc_hd__and4_2 contains 0 device instances.
Circuit contains 0 nets, and 9 disconnected pins.
Contents of circuit 2:  Circuit: 'sky130_fd_sc_hd__and4_2'
Circuit sky130_fd_sc_hd__and4_2 contains 0 device instances.
Circuit contains 0 nets.

Circuit sky130_fd_sc_hd__and4_2 contains no devices.

Contents of circuit 1:  Circuit: 'sky130_fd_sc_hd__o221a_2'
Circuit sky130_fd_sc_hd__o221a_2 contains 0 device instances.
Circuit contains 0 nets, and 10 disconnected pins.
Contents of circuit 2:  Circuit: 'sky130_fd_sc_hd__o221a_2'
Circuit sky130_fd_sc_hd__o221a_2 contains 0 device instances.
Circuit contains 0 nets.

Circuit sky130_fd_sc_hd__o221a_2 contains no devices.

Contents of circuit 1:  Circuit: 'sky130_fd_sc_hd__xnor2_2'
Circuit sky130_fd_sc_hd__xnor2_2 contains 0 device instances.
Circuit contains 0 nets, and 7 disconnected pins.
Contents of circuit 2:  Circuit: 'sky130_fd_sc_hd__xnor2_2'
Circuit sky130_fd_sc_hd__xnor2_2 contains 0 device instances.
Circuit contains 0 nets.

Circuit sky130_fd_sc_hd__xnor2_2 contains no devices.

Contents of circuit 1:  Circuit: 'sky130_fd_sc_hd__o31a_2'
Circuit sky130_fd_sc_hd__o31a_2 contains 0 device instances.
Circuit contains 0 nets, and 9 disconnected pins.
Contents of circuit 2:  Circuit: 'sky130_fd_sc_hd__o31a_2'
Circuit sky130_fd_sc_hd__o31a_2 contains 0 device instances.
Circuit contains 0 nets.

Circuit sky130_fd_sc_hd__o31a_2 contains no devices.

Contents of circuit 1:  Circuit: 'design_mux'
Circuit design_mux contains 3552 device instances.
  Class: sky130_fd_sc_hd__a31o_2 instances:   3
  Class: sky130_fd_sc_hd__a21o_2 instances:   7
  Class: sky130_fd_sc_hd__clkbuf_16 instances:   8
  Class: sky130_fd_sc_hd__or4_2 instances:   1
  Class: sky130_fd_sc_hd__buf_1 instances:  42
  Class: sky130_fd_sc_hd__buf_2 instances:   4
  Class: sky130_fd_sc_hd__a2bb2o_2 instances:   1
  Class: sky130_fd_sc_hd__xor2_2 instances:   1
  Class: sky130_fd_sc_hd__dfstp_2 instances:   6
  Class: sky130_ef_sc_hd__decap_12 instances: 1577
  Class: sky130_fd_sc_hd__dfrtp_2 instances:  41
  Class: sky130_fd_sc_hd__and4_2 instances:   5
  Class: sky130_fd_sc_hd__inv_2 instances:  68
  Class: sky130_fd_sc_hd__o21ba_2 instances:   1
  Class: sky130_fd_sc_hd__and2b_2 instances:   4
  Class: sky130_fd_sc_hd__conb_1 instances:  21
  Class: sky130_fd_sc_hd__and3_2 instances:   6
  Class: sky130_fd_sc_hd__decap_3 instances: 240
  Class: sky130_fd_sc_hd__decap_4 instances:  96
  Class: sky130_fd_sc_hd__decap_6 instances: 311
  Class: sky130_fd_sc_hd__decap_8 instances:  47
  Class: sky130_fd_sc_hd__or2_2 instances:   5
  Class: sky130_fd_sc_hd__nand2_2 instances:  10
  Class: sky130_fd_sc_hd__mux2_2 instances:  35
  Class: sky130_fd_sc_hd__and2_2 instances:   7
  Class: sky130_fd_sc_hd__o32a_2 instances:   1
  Class: sky130_fd_sc_hd__o22a_2 instances:   4
  Class: sky130_fd_sc_hd__xnor2_2 instances:   1
  Class: sky130_fd_sc_hd__o221a_2 instances:   1
  Class: sky130_fd_sc_hd__o211a_2 instances:   2
  Class: sky130_fd_sc_hd__a311oi_2 instances:   1
  Class: sky130_fd_sc_hd__a221o_2 instances:   5
  Class: sky130_fd_sc_hd__a211o_2 instances:   4
  Class: sky130_fd_sc_hd__or3b_2 instances:   3
  Class: sky130_fd_sc_hd__nor3_2 instances:   2
  Class: sky130_fd_sc_hd__a22o_2 instances:   7
  Class: sky130_fd_sc_hd__o31a_2 instances:   1
  Class: sky130_fd_sc_hd__o21a_2 instances:   4
  Class: sky130_fd_sc_hd__o22ai_2 instances:   1
  Class: sky130_fd_sc_hd__tapvpwrvgnd_1 instances: 466
  Class: sky130_fd_sc_hd__a21oi_2 instances:   2
  Class: sky130_fd_sc_hd__fill_1 instances: 425
  Class: sky130_fd_sc_hd__fill_2 instances:  59
  Class: sky130_fd_sc_hd__or2b_2 instances:   3
  Class: AMUX2_3V              instances:   1
  Class: sky130_fd_sc_hd__nor2_2 instances:  12
Circuit contains 363 nets, and 2 disconnected pins.
Contents of circuit 2:  Circuit: 'design_mux'
Circuit design_mux contains 3552 device instances.
  Class: sky130_fd_sc_hd__a31o_2 instances:   3
  Class: sky130_fd_sc_hd__a21o_2 instances:   7
  Class: sky130_fd_sc_hd__clkbuf_16 instances:   8
  Class: sky130_fd_sc_hd__or4_2 instances:   1
  Class: sky130_fd_sc_hd__buf_1 instances:  42
  Class: sky130_fd_sc_hd__buf_2 instances:   4
  Class: sky130_fd_sc_hd__a2bb2o_2 instances:   1
  Class: sky130_fd_sc_hd__xor2_2 instances:   1
  Class: sky130_fd_sc_hd__dfstp_2 instances:   6
  Class: sky130_ef_sc_hd__decap_12 instances: 1577
  Class: sky130_fd_sc_hd__dfrtp_2 instances:  41
  Class: sky130_fd_sc_hd__and4_2 instances:   5
  Class: sky130_fd_sc_hd__inv_2 instances:  68
  Class: sky130_fd_sc_hd__o21ba_2 instances:   1
  Class: sky130_fd_sc_hd__conb_1 instances:  21
  Class: sky130_fd_sc_hd__and2b_2 instances:   4
  Class: sky130_fd_sc_hd__and3_2 instances:   6
  Class: sky130_fd_sc_hd__decap_3 instances: 240
  Class: sky130_fd_sc_hd__decap_4 instances:  96
  Class: sky130_fd_sc_hd__decap_6 instances: 311
  Class: sky130_fd_sc_hd__decap_8 instances:  47
  Class: sky130_fd_sc_hd__or2_2 instances:   5
  Class: sky130_fd_sc_hd__nand2_2 instances:  10
  Class: sky130_fd_sc_hd__mux2_2 instances:  35
  Class: sky130_fd_sc_hd__and2_2 instances:   7
  Class: sky130_fd_sc_hd__o32a_2 instances:   1
  Class: sky130_fd_sc_hd__o22a_2 instances:   4
  Class: sky130_fd_sc_hd__xnor2_2 instances:   1
  Class: sky130_fd_sc_hd__o221a_2 instances:   1
  Class: sky130_fd_sc_hd__o211a_2 instances:   2
  Class: sky130_fd_sc_hd__a311oi_2 instances:   1
  Class: sky130_fd_sc_hd__a221o_2 instances:   5
  Class: sky130_fd_sc_hd__a211o_2 instances:   4
  Class: sky130_fd_sc_hd__or3b_2 instances:   3
  Class: sky130_fd_sc_hd__nor3_2 instances:   2
  Class: sky130_fd_sc_hd__a22o_2 instances:   7
  Class: sky130_fd_sc_hd__o31a_2 instances:   1
  Class: sky130_fd_sc_hd__o21a_2 instances:   4
  Class: sky130_fd_sc_hd__o22ai_2 instances:   1
  Class: sky130_fd_sc_hd__tapvpwrvgnd_1 instances: 466
  Class: sky130_fd_sc_hd__a21oi_2 instances:   2
  Class: sky130_fd_sc_hd__fill_1 instances: 425
  Class: sky130_fd_sc_hd__fill_2 instances:  59
  Class: sky130_fd_sc_hd__or2b_2 instances:   3
  Class: AMUX2_3V              instances:   1
  Class: sky130_fd_sc_hd__nor2_2 instances:  12
Circuit contains 363 nets.

Circuit was modified by parallel/series device merging.
New circuit summary:

Contents of circuit 1:  Circuit: 'design_mux'
Circuit design_mux contains 339 device instances.
  Class: sky130_fd_sc_hd__a31o_2 instances:   3
  Class: sky130_fd_sc_hd__a21o_2 instances:   7
  Class: sky130_fd_sc_hd__clkbuf_16 instances:   8
  Class: sky130_fd_sc_hd__or4_2 instances:   1
  Class: sky130_fd_sc_hd__buf_1 instances:  42
  Class: sky130_fd_sc_hd__buf_2 instances:   4
  Class: sky130_fd_sc_hd__a2bb2o_2 instances:   1
  Class: sky130_fd_sc_hd__xor2_2 instances:   1
  Class: sky130_fd_sc_hd__dfstp_2 instances:   6
  Class: sky130_ef_sc_hd__decap_12 instances:   1
  Class: sky130_fd_sc_hd__dfrtp_2 instances:  41
  Class: sky130_fd_sc_hd__and4_2 instances:   5
  Class: sky130_fd_sc_hd__inv_2 instances:  68
  Class: sky130_fd_sc_hd__o21ba_2 instances:   1
  Class: sky130_fd_sc_hd__and2b_2 instances:   4
  Class: sky130_fd_sc_hd__conb_1 instances:  21
  Class: sky130_fd_sc_hd__and3_2 instances:   6
  Class: sky130_fd_sc_hd__decap_3 instances:   1
  Class: sky130_fd_sc_hd__decap_4 instances:   1
  Class: sky130_fd_sc_hd__decap_6 instances:   1
  Class: sky130_fd_sc_hd__decap_8 instances:   1
  Class: sky130_fd_sc_hd__or2_2 instances:   5
  Class: sky130_fd_sc_hd__nand2_2 instances:  10
  Class: sky130_fd_sc_hd__mux2_2 instances:  35
  Class: sky130_fd_sc_hd__and2_2 instances:   7
  Class: sky130_fd_sc_hd__o32a_2 instances:   1
  Class: sky130_fd_sc_hd__o22a_2 instances:   4
  Class: sky130_fd_sc_hd__xnor2_2 instances:   1
  Class: sky130_fd_sc_hd__o221a_2 instances:   1
  Class: sky130_fd_sc_hd__o211a_2 instances:   2
  Class: sky130_fd_sc_hd__a311oi_2 instances:   1
  Class: sky130_fd_sc_hd__a221o_2 instances:   5
  Class: sky130_fd_sc_hd__a211o_2 instances:   4
  Class: sky130_fd_sc_hd__or3b_2 instances:   3
  Class: sky130_fd_sc_hd__nor3_2 instances:   2
  Class: sky130_fd_sc_hd__a22o_2 instances:   7
  Class: sky130_fd_sc_hd__o31a_2 instances:   1
  Class: sky130_fd_sc_hd__o21a_2 instances:   4
  Class: sky130_fd_sc_hd__o22ai_2 instances:   1
  Class: sky130_fd_sc_hd__tapvpwrvgnd_1 instances:   1
  Class: sky130_fd_sc_hd__a21oi_2 instances:   2
  Class: sky130_fd_sc_hd__fill_1 instances:   1
  Class: sky130_fd_sc_hd__fill_2 instances:   1
  Class: sky130_fd_sc_hd__or2b_2 instances:   3
  Class: AMUX2_3V              instances:   1
  Class: sky130_fd_sc_hd__nor2_2 instances:  12
Circuit contains 363 nets, and 2 disconnected pins.
Contents of circuit 2:  Circuit: 'design_mux'
Circuit design_mux contains 339 device instances.
  Class: sky130_fd_sc_hd__a31o_2 instances:   3
  Class: sky130_fd_sc_hd__a21o_2 instances:   7
  Class: sky130_fd_sc_hd__clkbuf_16 instances:   8
  Class: sky130_fd_sc_hd__or4_2 instances:   1
  Class: sky130_fd_sc_hd__buf_1 instances:  42
  Class: sky130_fd_sc_hd__buf_2 instances:   4
  Class: sky130_fd_sc_hd__a2bb2o_2 instances:   1
  Class: sky130_fd_sc_hd__xor2_2 instances:   1
  Class: sky130_fd_sc_hd__dfstp_2 instances:   6
  Class: sky130_ef_sc_hd__decap_12 instances:   1
  Class: sky130_fd_sc_hd__dfrtp_2 instances:  41
  Class: sky130_fd_sc_hd__and4_2 instances:   5
  Class: sky130_fd_sc_hd__inv_2 instances:  68
  Class: sky130_fd_sc_hd__o21ba_2 instances:   1
  Class: sky130_fd_sc_hd__conb_1 instances:  21
  Class: sky130_fd_sc_hd__and2b_2 instances:   4
  Class: sky130_fd_sc_hd__and3_2 instances:   6
  Class: sky130_fd_sc_hd__decap_3 instances:   1
  Class: sky130_fd_sc_hd__decap_4 instances:   1
  Class: sky130_fd_sc_hd__decap_6 instances:   1
  Class: sky130_fd_sc_hd__decap_8 instances:   1
  Class: sky130_fd_sc_hd__or2_2 instances:   5
  Class: sky130_fd_sc_hd__nand2_2 instances:  10
  Class: sky130_fd_sc_hd__mux2_2 instances:  35
  Class: sky130_fd_sc_hd__and2_2 instances:   7
  Class: sky130_fd_sc_hd__o32a_2 instances:   1
  Class: sky130_fd_sc_hd__o22a_2 instances:   4
  Class: sky130_fd_sc_hd__xnor2_2 instances:   1
  Class: sky130_fd_sc_hd__o221a_2 instances:   1
  Class: sky130_fd_sc_hd__o211a_2 instances:   2
  Class: sky130_fd_sc_hd__a311oi_2 instances:   1
  Class: sky130_fd_sc_hd__a221o_2 instances:   5
  Class: sky130_fd_sc_hd__a211o_2 instances:   4
  Class: sky130_fd_sc_hd__or3b_2 instances:   3
  Class: sky130_fd_sc_hd__nor3_2 instances:   2
  Class: sky130_fd_sc_hd__a22o_2 instances:   7
  Class: sky130_fd_sc_hd__o31a_2 instances:   1
  Class: sky130_fd_sc_hd__o21a_2 instances:   4
  Class: sky130_fd_sc_hd__o22ai_2 instances:   1
  Class: sky130_fd_sc_hd__tapvpwrvgnd_1 instances:   1
  Class: sky130_fd_sc_hd__a21oi_2 instances:   2
  Class: sky130_fd_sc_hd__fill_1 instances:   1
  Class: sky130_fd_sc_hd__fill_2 instances:   1
  Class: sky130_fd_sc_hd__or2b_2 instances:   3
  Class: AMUX2_3V              instances:   1
  Class: sky130_fd_sc_hd__nor2_2 instances:  12
Circuit contains 363 nets.

Circuit 1 contains 339 devices, Circuit 2 contains 339 devices.
Circuit 1 contains 363 nets,    Circuit 2 contains 363 nets.


Final result: 
Circuits match uniquely.
.
Logging to file "/openlane/designs/task4_iteration3_clean/runs/RUN_2026.08.15_03.07.15/logs/signoff/34-design_mux.lef.lvs.log" disabled
LVS Done.
